***********************************************************************************************
***                                                                                         ***
***                                   LINK INFORMATION                                    ***
***                                                                                         ***
***********************************************************************************************

Linker version:

  SEGGER ARM Linker 4.44d compiled Jun 20 2026 10:30:01
  Copyright (c) 2017-2025 SEGGER Microcontroller GmbH    www.segger.com


***********************************************************************************************
***                                                                                         ***
***                                    MODULE SUMMARY                                     ***
***                                                                                         ***
***********************************************************************************************

Memory use by input file:

  Object File                                       RX Code     RO Data     RW Data     ZI Data
  ---------------------------------------------  ----------  ----------  ----------  ----------
  button_interrupt.o                                  1 024          46                      20
  SEGGER_THUMB_Startup.o                                 20                                    
  STM32L432KC_GPIO.o                                    388                                    
  STM32L432KC_TIM.o                                     120                                    
  stm32l432xx_Vectors.o                                 530                                    
  STM32L4xx_Startup.o                                    64                                    
  system_stm32l4xx.o                                    462          64           4            
  ---------------------------------------------  ----------  ----------  ----------  ----------
  Subtotal (7 objects)                                2 608         110           4          20
  ---------------------------------------------  ----------  ----------  ----------  ----------
  libc_v7em_fpv4_sp_d16_hard_t_le_eabi_balanced.a
                                                      2 126          32                        
  mbops_timeops_v7em_fpv4_sp_d16_hard_t_le_eabi_balanced.a
                                                        200         541          20           4
  prinops_rtt_v7em_fpv4_sp_d16_hard_t_le_eabi_balanced.a
                                                        484          26          12       1 220
  SEGGER_crtinit_v7em_fpv4_sp_d16_hard_t_le_eabi_balanced.a
                                                         74                                    
  strops_unaligned_v7em_fpv4_sp_d16_hard_t_le_eabi_balanced.a
                                                        196                                    
  ---------------------------------------------  ----------  ----------  ----------  ----------
  Subtotal (5 archives)                               3 080         599          32       1 224
  ---------------------------------------------  ----------  ----------  ----------  ----------
  Linker created (shared data, fills, blocks):                       72                   2 048
  =============================================  ==========  ==========  ==========  ==========
  Total:                                              5 688         781          36       3 292
  =============================================  ==========  ==========  ==========  ==========

Memory use by archive member:

  Archive member                                    RX Code     RO Data     RW Data     ZI Data
  ---------------------------------------------  ----------  ----------  ----------  ----------
  __SEGGER_RTL_vfprintf_int_nwp.o (libc_v7em_fpv4_sp_d16_hard_t_le_eabi_balanced.a)
                                                        868                                    
  fileops.o (libc_v7em_fpv4_sp_d16_hard_t_le_eabi_balanced.a)
                                                         46                                    
  floatasmops_arm.o (libc_v7em_fpv4_sp_d16_hard_t_le_eabi_balanced.a)
                                                        566                                    
  intasmops_arm.o (libc_v7em_fpv4_sp_d16_hard_t_le_eabi_balanced.a)
                                                        302                                    
  mbops.o (mbops_timeops_v7em_fpv4_sp_d16_hard_t_le_eabi_balanced.a)
                                                        200         541          20           4
  prinops.o (libc_v7em_fpv4_sp_d16_hard_t_le_eabi_balanced.a)
                                                        344          32                        
  prinops_rtt.o (prinops_rtt_v7em_fpv4_sp_d16_hard_t_le_eabi_balanced.a)
                                                         66                      12          12
  SEGGER_crtinit.o (SEGGER_crtinit_v7em_fpv4_sp_d16_hard_t_le_eabi_balanced.a)
                                                         74                                    
  SEGGER_RTT.o (prinops_rtt_v7em_fpv4_sp_d16_hard_t_le_eabi_balanced.a)
                                                        418          26                   1 208
  strasmops_arm.o (strops_unaligned_v7em_fpv4_sp_d16_hard_t_le_eabi_balanced.a)
                                                        196                                    
  ---------------------------------------------  ----------  ----------  ----------  ----------
  Subtotal (10 members from 5 archives)               3 080         599          32       1 224
  Objects (7 files)                                   2 608         110           4          20
  Linker created (shared data, fills, blocks):                       72                   2 048
  =============================================  ==========  ==========  ==========  ==========
  Total:                                              5 688         781          36       3 292
  =============================================  ==========  ==========  ==========  ==========

Memory use by linker:

  Description                                       RX Code     RO Data     RW Data     ZI Data
  ---------------------------------------------  ----------  ----------  ----------  ----------
  Initialization table                                               72                        
  Memory for block 'stack'                                                                2 048
  ---------------------------------------------  ----------  ----------  ----------  ----------
  Subtotal (linker created):                                         72                   2 048
  ---------------------------------------------  ----------  ----------  ----------  ----------
  Objects (7 files)                                   2 608         110           4          20
  Archives (5 files)                                  3 080         599          32       1 224
  =============================================  ==========  ==========  ==========  ==========
  Total:                                              5 688         781          36       3 292
  =============================================  ==========  ==========  ==========  ==========


***********************************************************************************************
***                                                                                         ***
***                                    SECTION DETAIL                                     ***
***                                                                                         ***
***********************************************************************************************

Sections by address:

  Range              Symbol or [section] Name         Size  Al  Init  Ac  Object File
  -----------------  -------------------------  ----------  --  ----  --  -----------
  08000000-0800018B  _vectors                          396  512
                                                                Code  RX  stm32l432xx_Vectors.o
  0800018C-0800018D  NMI_Handler                         2   2  Code  RX  stm32l432xx_Vectors.o
  0800018E-0800018F  MemManage_Handler                   2   2  Code  RX  stm32l432xx_Vectors.o
  08000190-08000207  initTIM                           120   8  Code  RX  STM32L432KC_TIM.o
  08000208-08000263  SystemInit                         92   4  Code  RX  system_stm32l4xx.o
  08000264-08000293  MSIRangeTable                      48   4  Cnst  RO  system_stm32l4xx.o
  08000294-080002E3  gpioEnable                         80   4  Code  RX  STM32L432KC_GPIO.o
  080002E4-080002EF  gpioPinToPort                      12   4  Code  RX  STM32L432KC_GPIO.o
  080002F0-0800032F  gpioPortToBase                     64   4  Code  RX  STM32L432KC_GPIO.o
  08000330-08000343  gpioPinToBase                      20   4  Code  RX  STM32L432KC_GPIO.o
  08000344-080003E3  pinMode                           160   4  Code  RX  STM32L432KC_GPIO.o
  080003E4-080005E7  main                              516   4  Code  RX  button_interrupt.o
  080005E8-08000613  __NVIC_EnableIRQ                   44   4  Code  RX  button_interrupt.o
  08000614-08000627  _start                             20   4  Code  RX  SEGGER_THUMB_Startup.o
  08000628-0800064F  HardFault_Handler                  40   4  Code  RX  STM32L4xx_Startup.o
  08000650-08000673  __aeabi_d2uiz                      36   4  Code  RX  floatasmops_arm.o (libc_v7em_fpv4_sp_d16_hard_t_le_eabi_balanced.a)
  08000674-0800068F  __aeabi_ui2d                       28   4  Code  RX  floatasmops_arm.o (libc_v7em_fpv4_sp_d16_hard_t_le_eabi_balanced.a)
  08000690-080006C3  __aeabi_f2d                        52   4  Code  RX  floatasmops_arm.o (libc_v7em_fpv4_sp_d16_hard_t_le_eabi_balanced.a)
  080006C4-08000A27  __SEGGER_RTL_vfprintf_int_nwp
                                                       868   4  Code  RX  __SEGGER_RTL_vfprintf_int_nwp.o (libc_v7em_fpv4_sp_d16_hard_t_le_eabi_balanced.a)
  08000A28-08000A83  memcpy                             92   4  Code  RX  strasmops_arm.o (strops_unaligned_v7em_fpv4_sp_d16_hard_t_le_eabi_balanced.a)
  08000A84-08000AEB  __aeabi_memclr                    104   4  Code  RX  strasmops_arm.o (strops_unaligned_v7em_fpv4_sp_d16_hard_t_le_eabi_balanced.a)
  08000AEC-08000AF7  __SEGGER_RTL_c_locale              12   4  Cnst  RO  mbops.o (mbops_timeops_v7em_fpv4_sp_d16_hard_t_le_eabi_balanced.a)
  08000AF8-08000B17  __SEGGER_RTL_codeset_ascii
                                                        32   4  Cnst  RO  mbops.o (mbops_timeops_v7em_fpv4_sp_d16_hard_t_le_eabi_balanced.a)
  08000B18-08000B6F  __SEGGER_RTL_c_locale_data
                                                        88   4  Cnst  RO  mbops.o (mbops_timeops_v7em_fpv4_sp_d16_hard_t_le_eabi_balanced.a)
  08000B70-08000CE1  SystemCoreClockUpdate             370   4  Code  RX  system_stm32l4xx.o
  08000CE2-08000CE3  BusFault_Handler                    2   2  Code  RX  stm32l432xx_Vectors.o
  08000CE4-08000CF1  gpioPinOffset                      14   4  Code  RX  STM32L432KC_GPIO.o
  08000CF2-08000CF3  UsageFault_Handler                  2   2  Code  RX  stm32l432xx_Vectors.o
  08000CF4-08000D19  digitalRead                        38   4  Code  RX  STM32L432KC_GPIO.o
  08000D1A-08000D1B  SVC_Handler                         2   2  Code  RX  stm32l432xx_Vectors.o
  08000D1C-08000D59  __NVIC_SetPriority                 62   4  Code  RX  button_interrupt.o
  08000D5A-08000D5B  DebugMon_Handler                    2   2  Code  RX  stm32l432xx_Vectors.o
  08000D5C-08000EED  EXTI9_5_IRQHandler                402   4  Code  RX  button_interrupt.o
  08000EEE-08000EEF  PendSV_Handler                      2   2  Code  RX  stm32l432xx_Vectors.o
  08000EF0-080010B1  __aeabi_ddiv                      450   4  Code  RX  floatasmops_arm.o (libc_v7em_fpv4_sp_d16_hard_t_le_eabi_balanced.a)
  080010B2-080010B3  SysTick_Handler                     2   2  Code  RX  stm32l432xx_Vectors.o
  080010B4-080011E1  __aeabi_uldivmod                  302   4  Code  RX  intasmops_arm.o (libc_v7em_fpv4_sp_d16_hard_t_le_eabi_balanced.a)
  080011E2-080011E3  WWDG_IRQHandler                     2   2  Code  RX  stm32l432xx_Vectors.o
  080011E4-080011E5  PVD_PVM_IRQHandler                  2   2  Code  RX  stm32l432xx_Vectors.o
  080011E6-080011E7  TAMP_STAMP_IRQHandler               2   2  Code  RX  stm32l432xx_Vectors.o
  080011E8-080011E9  RTC_WKUP_IRQHandler                 2   2  Code  RX  stm32l432xx_Vectors.o
  080011EA-080011EB  FLASH_IRQHandler                    2   2  Code  RX  stm32l432xx_Vectors.o
  080011EC-080011ED  RCC_IRQHandler                      2   2  Code  RX  stm32l432xx_Vectors.o
  080011EE-080011EF  EXTI0_IRQHandler                    2   2  Code  RX  stm32l432xx_Vectors.o
  080011F0-080011F1  EXTI1_IRQHandler                    2   2  Code  RX  stm32l432xx_Vectors.o
  080011F2-080011F3  EXTI2_IRQHandler                    2   2  Code  RX  stm32l432xx_Vectors.o
  080011F4-080011F5  EXTI3_IRQHandler                    2   2  Code  RX  stm32l432xx_Vectors.o
  080011F6-080011F7  EXTI4_IRQHandler                    2   2  Code  RX  stm32l432xx_Vectors.o
  080011F8-080011F9  DMA1_Channel1_IRQHandler            2   2  Code  RX  stm32l432xx_Vectors.o
  080011FA-080011FB  DMA1_Channel2_IRQHandler            2   2  Code  RX  stm32l432xx_Vectors.o
  080011FC-080011FD  DMA1_Channel3_IRQHandler            2   2  Code  RX  stm32l432xx_Vectors.o
  080011FE-080011FF  DMA1_Channel4_IRQHandler            2   2  Code  RX  stm32l432xx_Vectors.o
  08001200-08001201  DMA1_Channel5_IRQHandler            2   2  Code  RX  stm32l432xx_Vectors.o
  08001202-08001203  DMA1_Channel6_IRQHandler            2   2  Code  RX  stm32l432xx_Vectors.o
  08001204-08001205  DMA1_Channel7_IRQHandler            2   2  Code  RX  stm32l432xx_Vectors.o
  08001206-08001207  ADC1_IRQHandler                     2   2  Code  RX  stm32l432xx_Vectors.o
  08001208-08001209  CAN1_TX_IRQHandler                  2   2  Code  RX  stm32l432xx_Vectors.o
  0800120A-0800120B  CAN1_RX0_IRQHandler                 2   2  Code  RX  stm32l432xx_Vectors.o
  0800120C-0800120D  CAN1_RX1_IRQHandler                 2   2  Code  RX  stm32l432xx_Vectors.o
  0800120E-0800120F  CAN1_SCE_IRQHandler                 2   2  Code  RX  stm32l432xx_Vectors.o
  08001210-08001211  TIM1_BRK_TIM15_IRQHandler           2   2  Code  RX  stm32l432xx_Vectors.o
  08001212-08001213  TIM1_UP_TIM16_IRQHandler            2   2  Code  RX  stm32l432xx_Vectors.o
  08001214-08001215  TIM1_TRG_COM_IRQHandler             2   2  Code  RX  stm32l432xx_Vectors.o
  08001216-08001217  TIM1_CC_IRQHandler                  2   2  Code  RX  stm32l432xx_Vectors.o
  08001218-08001219  TIM2_IRQHandler                     2   2  Code  RX  stm32l432xx_Vectors.o
  0800121A-0800121B  I2C1_EV_IRQHandler                  2   2  Code  RX  stm32l432xx_Vectors.o
  0800121C-0800121D  I2C1_ER_IRQHandler                  2   2  Code  RX  stm32l432xx_Vectors.o
  0800121E-0800121F  SPI1_IRQHandler                     2   2  Code  RX  stm32l432xx_Vectors.o
  08001220-08001221  USART1_IRQHandler                   2   2  Code  RX  stm32l432xx_Vectors.o
  08001222-08001223  USART2_IRQHandler                   2   2  Code  RX  stm32l432xx_Vectors.o
  08001224-08001225  EXTI15_10_IRQHandler                2   2  Code  RX  stm32l432xx_Vectors.o
  08001226-08001227  RTC_Alarm_IRQHandler                2   2  Code  RX  stm32l432xx_Vectors.o
  08001228-08001229  SPI3_IRQHandler                     2   2  Code  RX  stm32l432xx_Vectors.o
  0800122A-0800122B  TIM6_DAC_IRQHandler                 2   2  Code  RX  stm32l432xx_Vectors.o
  0800122C-0800122D  TIM7_IRQHandler                     2   2  Code  RX  stm32l432xx_Vectors.o
  0800122E-0800122F  DMA2_Channel1_IRQHandler            2   2  Code  RX  stm32l432xx_Vectors.o
  08001230-08001231  DMA2_Channel2_IRQHandler            2   2  Code  RX  stm32l432xx_Vectors.o
  08001232-08001233  DMA2_Channel3_IRQHandler            2   2  Code  RX  stm32l432xx_Vectors.o
  08001234-08001235  DMA2_Channel4_IRQHandler            2   2  Code  RX  stm32l432xx_Vectors.o
  08001236-08001237  DMA2_Channel5_IRQHandler            2   2  Code  RX  stm32l432xx_Vectors.o
  08001238-08001239  COMP_IRQHandler                     2   2  Code  RX  stm32l432xx_Vectors.o
  0800123A-0800123B  LPTIM1_IRQHandler                   2   2  Code  RX  stm32l432xx_Vectors.o
  0800123C-0800123D  LPTIM2_IRQHandler                   2   2  Code  RX  stm32l432xx_Vectors.o
  0800123E-0800123F  USB_IRQHandler                      2   2  Code  RX  stm32l432xx_Vectors.o
  08001240-08001241  DMA2_Channel6_IRQHandler            2   2  Code  RX  stm32l432xx_Vectors.o
  08001242-08001243  DMA2_Channel7_IRQHandler            2   2  Code  RX  stm32l432xx_Vectors.o
  08001244-08001245  LPUART1_IRQHandler                  2   2  Code  RX  stm32l432xx_Vectors.o
  08001246-08001247  QUADSPI_IRQHandler                  2   2  Code  RX  stm32l432xx_Vectors.o
  08001248-08001249  I2C3_EV_IRQHandler                  2   2  Code  RX  stm32l432xx_Vectors.o
  0800124A-0800124B  I2C3_ER_IRQHandler                  2   2  Code  RX  stm32l432xx_Vectors.o
  0800124C-0800124D  SAI1_IRQHandler                     2   2  Code  RX  stm32l432xx_Vectors.o
  0800124E-0800124F  SWPMI1_IRQHandler                   2   2  Code  RX  stm32l432xx_Vectors.o
  08001250-08001251  TSC_IRQHandler                      2   2  Code  RX  stm32l432xx_Vectors.o
  08001252-08001253  RNG_IRQHandler                      2   2  Code  RX  stm32l432xx_Vectors.o
  08001254-08001255  FPU_IRQHandler                      2   2  Code  RX  stm32l432xx_Vectors.o
  08001256-08001257  CRS_IRQHandler                      2   2  Code  RX  stm32l432xx_Vectors.o
  08001258-08001285  fwrite                             46   2  Code  RX  fileops.o (libc_v7em_fpv4_sp_d16_hard_t_le_eabi_balanced.a)
  08001286-0800129F  __SEGGER_RTL_prin_flush            26   2  Code  RX  prinops.o (libc_v7em_fpv4_sp_d16_hard_t_le_eabi_balanced.a)
  080012A0-080012A9  __SEGGER_RTL_stream_write          10   2  Code  RX  prinops.o (libc_v7em_fpv4_sp_d16_hard_t_le_eabi_balanced.a)
  080012AA-080012AF  __SEGGER_RTL_X_file_write           6   2  Code  RX  prinops_rtt.o (prinops_rtt_v7em_fpv4_sp_d16_hard_t_le_eabi_balanced.a)
  080012B0-080012C5  _GetAvailWriteSpace                22   2  Code  RX  SEGGER_RTT.o (prinops_rtt_v7em_fpv4_sp_d16_hard_t_le_eabi_balanced.a)
  080012C6-0800131B  _WriteBlocking                     86   2  Code  RX  SEGGER_RTT.o (prinops_rtt_v7em_fpv4_sp_d16_hard_t_le_eabi_balanced.a)
  0800131C-08001351  SEGGER_RTT_Write                   54   2  Code  RX  SEGGER_RTT.o (prinops_rtt_v7em_fpv4_sp_d16_hard_t_le_eabi_balanced.a)
  08001352-08001383  __SEGGER_RTL_ascii_mbtowc          50   2  Code  RX  mbops.o (mbops_timeops_v7em_fpv4_sp_d16_hard_t_le_eabi_balanced.a)
  08001384-08001391  __SEGGER_RTL_ascii_wctomb          14   2  Code  RX  mbops.o (mbops_timeops_v7em_fpv4_sp_d16_hard_t_le_eabi_balanced.a)
  08001392-080013A9  reset_handler                      24   2  Code  RX  STM32L4xx_Startup.o
  080013AA-0800142D  __SEGGER_RTL_putc                 132   2  Code  RX  prinops.o (libc_v7em_fpv4_sp_d16_hard_t_le_eabi_balanced.a)
  0800142E-08001449  vfprintf                           28   2  Code  RX  prinops.o (libc_v7em_fpv4_sp_d16_hard_t_le_eabi_balanced.a)
  0800144A-080014B1  vfprintf_l                        104   2  Code  RX  prinops.o (libc_v7em_fpv4_sp_d16_hard_t_le_eabi_balanced.a)
  080014B2-080014DD  printf                             44   2  Code  RX  prinops.o (libc_v7em_fpv4_sp_d16_hard_t_le_eabi_balanced.a)
  080014DE-08001515  __SEGGER_RTL_X_file_stat           56   2  Code  RX  prinops_rtt.o (prinops_rtt_v7em_fpv4_sp_d16_hard_t_le_eabi_balanced.a)
  08001516-08001519  __SEGGER_RTL_X_file_bufsize
                                                         4   2  Code  RX  prinops_rtt.o (prinops_rtt_v7em_fpv4_sp_d16_hard_t_le_eabi_balanced.a)
  0800151A-0800157D  _DoInit                           100   2  Code  RX  SEGGER_RTT.o (prinops_rtt_v7em_fpv4_sp_d16_hard_t_le_eabi_balanced.a)
  0800157E-080015C1  _WriteNoCheck                      68   2  Code  RX  SEGGER_RTT.o (prinops_rtt_v7em_fpv4_sp_d16_hard_t_le_eabi_balanced.a)
  080015C2-08001619  SEGGER_RTT_WriteNoLock             88   2  Code  RX  SEGGER_RTT.o (prinops_rtt_v7em_fpv4_sp_d16_hard_t_le_eabi_balanced.a)
  0800161A-08001631  __SEGGER_RTL_current_locale
                                                        24   2  Code  RX  mbops.o (mbops_timeops_v7em_fpv4_sp_d16_hard_t_le_eabi_balanced.a)
  08001632-08001651  __SEGGER_RTL_ascii_isctype
                                                        32   2  Code  RX  mbops.o (mbops_timeops_v7em_fpv4_sp_d16_hard_t_le_eabi_balanced.a)
  08001652-0800165D  __SEGGER_RTL_ascii_toupper
                                                        12   2  Code  RX  mbops.o (mbops_timeops_v7em_fpv4_sp_d16_hard_t_le_eabi_balanced.a)
  0800165E-08001669  __SEGGER_RTL_ascii_tolower
                                                        12   2  Code  RX  mbops.o (mbops_timeops_v7em_fpv4_sp_d16_hard_t_le_eabi_balanced.a)
  0800166A-08001689  __SEGGER_RTL_ascii_iswctype
                                                        32   2  Code  RX  mbops.o (mbops_timeops_v7em_fpv4_sp_d16_hard_t_le_eabi_balanced.a)
  0800168A-08001695  __SEGGER_RTL_ascii_towupper
                                                        12   2  Code  RX  mbops.o (mbops_timeops_v7em_fpv4_sp_d16_hard_t_le_eabi_balanced.a)
  08001696-080016A1  __SEGGER_RTL_ascii_towlower
                                                        12   2  Code  RX  mbops.o (mbops_timeops_v7em_fpv4_sp_d16_hard_t_le_eabi_balanced.a)
  080016A2-080016A8  [.rodata..L.str]                    7   1  Cnst  RO  button_interrupt.o
  080016A9-080016BF  [.rodata..L.str.1]                 23   1  Cnst  RO  button_interrupt.o
  080016C0-08001716  __SEGGER_RTL_c_locale_month_names
                                                        87   1  Cnst  RO  mbops.o (mbops_timeops_v7em_fpv4_sp_d16_hard_t_le_eabi_balanced.a)
  08001717-0800171D  __SEGGER_RTL_c_locale_am_pm_indicator
                                                         7   1  Cnst  RO  mbops.o (mbops_timeops_v7em_fpv4_sp_d16_hard_t_le_eabi_balanced.a)
  0800171E-0800172C  __SEGGER_RTL_c_locale_date_time_format
                                                        15   1  Cnst  RO  mbops.o (mbops_timeops_v7em_fpv4_sp_d16_hard_t_le_eabi_balanced.a)
  0800172D-08001766  __SEGGER_RTL_c_locale_day_names
                                                        58   1  Cnst  RO  mbops.o (mbops_timeops_v7em_fpv4_sp_d16_hard_t_le_eabi_balanced.a)
  08001767-08001768  [.rodata.libc..L.str]               2   1  Cnst  RO  mbops.o (mbops_timeops_v7em_fpv4_sp_d16_hard_t_le_eabi_balanced.a)
  08001769-0800176A  __SEGGER_RTL_data_utf8_period
                                                         2   1  Cnst  RO  mbops.o (mbops_timeops_v7em_fpv4_sp_d16_hard_t_le_eabi_balanced.a)
  0800176B-0800177B  _DoInit._aInitStr                  17   1  Cnst  RO  SEGGER_RTT.o (prinops_rtt_v7em_fpv4_sp_d16_hard_t_le_eabi_balanced.a)
  0800177C-08001784  [.rodata.libc..L.str]               9   1  Cnst  RO  SEGGER_RTT.o (prinops_rtt_v7em_fpv4_sp_d16_hard_t_le_eabi_balanced.a)
  08001785-0800178D  __SEGGER_RTL_c_locale_date_format
                                                         9   1  Cnst  RO  mbops.o (mbops_timeops_v7em_fpv4_sp_d16_hard_t_le_eabi_balanced.a)
  0800178E-08001796  __SEGGER_RTL_c_locale_time_format
                                                         9   1  Cnst  RO  mbops.o (mbops_timeops_v7em_fpv4_sp_d16_hard_t_le_eabi_balanced.a)
  08001797-080017B3  __SEGGER_RTL_c_locale_abbrev_day_names
                                                        29   1  Cnst  RO  mbops.o (mbops_timeops_v7em_fpv4_sp_d16_hard_t_le_eabi_balanced.a)
  080017B4-080017E4  __SEGGER_RTL_c_locale_abbrev_month_names
                                                        49   1  Cnst  RO  mbops.o (mbops_timeops_v7em_fpv4_sp_d16_hard_t_le_eabi_balanced.a)
  080017E5-080017E5  __SEGGER_RTL_data_empty_string
                                                         1   1  Cnst  RO  mbops.o (mbops_timeops_v7em_fpv4_sp_d16_hard_t_le_eabi_balanced.a)
  080017E6-080017F2  __SEGGER_RTL_ascii_ctype_mask
                                                        13   1  Cnst  RO  mbops.o (mbops_timeops_v7em_fpv4_sp_d16_hard_t_le_eabi_balanced.a)
  080017F3-080017F3  ( UNUSED .=.+1 )                    1   -  ----  -   -
  080017F4-080017F7  [.init_array]                       4   4  ----  --  STM32L4xx_Startup.o
  080017F8-08001807  AHBPrescTable                      16   1  Cnst  RO  system_stm32l4xx.o
  08001808-08001817  [.rodata..L.str.2]                 16   1  Cnst  RO  button_interrupt.o
  08001818-08001827  __SEGGER_RTL_hex_uc                16   1  Cnst  RO  prinops.o (libc_v7em_fpv4_sp_d16_hard_t_le_eabi_balanced.a)
  08001828-08001837  __SEGGER_RTL_hex_lc                16   1  Cnst  RO  prinops.o (libc_v7em_fpv4_sp_d16_hard_t_le_eabi_balanced.a)
  08001838-080018B7  __SEGGER_RTL_ascii_ctype_map
                                                       128   1  Cnst  RO  mbops.o (mbops_timeops_v7em_fpv4_sp_d16_hard_t_le_eabi_balanced.a)
  080018B8-080018DB  __SEGGER_init_ctors                36   4  Code  RX  SEGGER_crtinit.o (SEGGER_crtinit_v7em_fpv4_sp_d16_hard_t_le_eabi_balanced.a)
  080018DC-080018FF  __SEGGER_init_table__              36   4  Cnst  RO  [ Linker created ]
  08001900-08001923  __SEGGER_init_data__               36   4  Cnst  RO  [ Linker created ]
  08001924-08001935  __SEGGER_init_zero                 18   2  Code  RX  SEGGER_crtinit.o (SEGGER_crtinit_v7em_fpv4_sp_d16_hard_t_le_eabi_balanced.a)
  08001936-08001949  __SEGGER_init_copy                 20   2  Code  RX  SEGGER_crtinit.o (SEGGER_crtinit_v7em_fpv4_sp_d16_hard_t_le_eabi_balanced.a)
  0800194A-0FFFFFFF  ( UNUSED .=.+134211254 )   134 211 254
                                                             -  ----  -   -
  10000000-100000A7  _SEGGER_RTT                       168   4  Zero  ZI  SEGGER_RTT.o (prinops_rtt_v7em_fpv4_sp_d16_hard_t_le_eabi_balanced.a)
  100000A8-100000AB  velocity                            4   4  Zero  ZI  button_interrupt.o
  100000AC-100000AF  state_b                             4   4  Zero  ZI  button_interrupt.o
  100000B0-100000B3  state_a                             4   4  Zero  ZI  button_interrupt.o
  100000B4-100000B7  pulse                               4   4  Zero  ZI  button_interrupt.o
  100000B8-100000BB  __SEGGER_RTL_stdout_file            4   4  Zero  ZI  prinops_rtt.o (prinops_rtt_v7em_fpv4_sp_d16_hard_t_le_eabi_balanced.a)
  100000BC-100000BF  __SEGGER_RTL_stdin_file             4   4  Zero  ZI  prinops_rtt.o (prinops_rtt_v7em_fpv4_sp_d16_hard_t_le_eabi_balanced.a)
  100000C0-100000C3  __SEGGER_RTL_stderr_file            4   4  Zero  ZI  prinops_rtt.o (prinops_rtt_v7em_fpv4_sp_d16_hard_t_le_eabi_balanced.a)
  100000C4-100000C7  __SEGGER_RTL_locale_ptr             4   4  Zero  ZI  mbops.o (mbops_timeops_v7em_fpv4_sp_d16_hard_t_le_eabi_balanced.a)
  100000C8-100000CB  direction                           4   4  Zero  ZI  button_interrupt.o
  100000CC-100004CB  _acUpBuffer                     1 024   1  Zero  ZI  SEGGER_RTT.o (prinops_rtt_v7em_fpv4_sp_d16_hard_t_le_eabi_balanced.a)
  100004CC-100004DB  _acDownBuffer                      16   1  Zero  ZI  SEGGER_RTT.o (prinops_rtt_v7em_fpv4_sp_d16_hard_t_le_eabi_balanced.a)
  100004DC-100004EF  __SEGGER_RTL_global_locale
                                                        20   4  Init  RW  mbops.o (mbops_timeops_v7em_fpv4_sp_d16_hard_t_le_eabi_balanced.a)
  100004F0-100004F3  stdout                              4   4  Init  RW  prinops_rtt.o (prinops_rtt_v7em_fpv4_sp_d16_hard_t_le_eabi_balanced.a)
  100004F4-100004F7  stdin                               4   4  Init  RW  prinops_rtt.o (prinops_rtt_v7em_fpv4_sp_d16_hard_t_le_eabi_balanced.a)
  100004F8-100004FB  stderr                              4   4  Init  RW  prinops_rtt.o (prinops_rtt_v7em_fpv4_sp_d16_hard_t_le_eabi_balanced.a)
  100004FC-100004FF  SystemCoreClock                     4   4  Init  RW  system_stm32l4xx.o
  10000500-2000B7FF  ( UNUSED .=.+268481280 )   268 481 280
                                                             -  ----  -   -
  2000B800-2000BFFF  [.bss.block.stack]              2 048   8  None  ZI  [ Linker created ]


***********************************************************************************************
***                                                                                         ***
***                                      SYMBOL LIST                                      ***
***                                                                                         ***
***********************************************************************************************

Function symbols by name:

  Symbol name                   Address        Size  Align  Type  Bd  Object File
  -------------------------  ----------  ----------  -----  ----  --  -----------
  ADC1_IRQHandler            0x08001207                  2  Code  Wk  stm32l432xx_Vectors.o
  BusFault_Handler           0x08000CE3                  2  Code  Wk  stm32l432xx_Vectors.o
  CAN1_RX0_IRQHandler        0x0800120B                  2  Code  Wk  stm32l432xx_Vectors.o
  CAN1_RX1_IRQHandler        0x0800120D                  2  Code  Wk  stm32l432xx_Vectors.o
  CAN1_SCE_IRQHandler        0x0800120F                  2  Code  Wk  stm32l432xx_Vectors.o
  CAN1_TX_IRQHandler         0x08001209                  2  Code  Wk  stm32l432xx_Vectors.o
  COMP_IRQHandler            0x08001239                  2  Code  Wk  stm32l432xx_Vectors.o
  CRS_IRQHandler             0x08001257                  2  Code  Wk  stm32l432xx_Vectors.o
  DMA1_Channel1_IRQHandler   0x080011F9                  2  Code  Wk  stm32l432xx_Vectors.o
  DMA1_Channel2_IRQHandler   0x080011FB                  2  Code  Wk  stm32l432xx_Vectors.o
  DMA1_Channel3_IRQHandler   0x080011FD                  2  Code  Wk  stm32l432xx_Vectors.o
  DMA1_Channel4_IRQHandler   0x080011FF                  2  Code  Wk  stm32l432xx_Vectors.o
  DMA1_Channel5_IRQHandler   0x08001201                  2  Code  Wk  stm32l432xx_Vectors.o
  DMA1_Channel6_IRQHandler   0x08001203                  2  Code  Wk  stm32l432xx_Vectors.o
  DMA1_Channel7_IRQHandler   0x08001205                  2  Code  Wk  stm32l432xx_Vectors.o
  DMA2_Channel1_IRQHandler   0x0800122F                  2  Code  Wk  stm32l432xx_Vectors.o
  DMA2_Channel2_IRQHandler   0x08001231                  2  Code  Wk  stm32l432xx_Vectors.o
  DMA2_Channel3_IRQHandler   0x08001233                  2  Code  Wk  stm32l432xx_Vectors.o
  DMA2_Channel4_IRQHandler   0x08001235                  2  Code  Wk  stm32l432xx_Vectors.o
  DMA2_Channel5_IRQHandler   0x08001237                  2  Code  Wk  stm32l432xx_Vectors.o
  DMA2_Channel6_IRQHandler   0x08001241                  2  Code  Wk  stm32l432xx_Vectors.o
  DMA2_Channel7_IRQHandler   0x08001243                  2  Code  Wk  stm32l432xx_Vectors.o
  DebugMon_Handler           0x08000D5B                  2  Code  Wk  stm32l432xx_Vectors.o
  EXTI0_IRQHandler           0x080011EF                  2  Code  Wk  stm32l432xx_Vectors.o
  EXTI15_10_IRQHandler       0x08001225                  2  Code  Wk  stm32l432xx_Vectors.o
  EXTI1_IRQHandler           0x080011F1                  2  Code  Wk  stm32l432xx_Vectors.o
  EXTI2_IRQHandler           0x080011F3                  2  Code  Wk  stm32l432xx_Vectors.o
  EXTI3_IRQHandler           0x080011F5                  2  Code  Wk  stm32l432xx_Vectors.o
  EXTI4_IRQHandler           0x080011F7                  2  Code  Wk  stm32l432xx_Vectors.o
  EXTI9_5_IRQHandler         0x08000D5D         402      4  Code  Gb  button_interrupt.o
  FLASH_IRQHandler           0x080011EB                  2  Code  Wk  stm32l432xx_Vectors.o
  FPU_IRQHandler             0x08001255                  2  Code  Wk  stm32l432xx_Vectors.o
  HardFault_Handler          0x08000629                  4  Code  Wk  STM32L4xx_Startup.o
  I2C1_ER_IRQHandler         0x0800121D                  2  Code  Wk  stm32l432xx_Vectors.o
  I2C1_EV_IRQHandler         0x0800121B                  2  Code  Wk  stm32l432xx_Vectors.o
  I2C3_ER_IRQHandler         0x0800124B                  2  Code  Wk  stm32l432xx_Vectors.o
  I2C3_EV_IRQHandler         0x08001249                  2  Code  Wk  stm32l432xx_Vectors.o
  LPTIM1_IRQHandler          0x0800123B                  2  Code  Wk  stm32l432xx_Vectors.o
  LPTIM2_IRQHandler          0x0800123D                  2  Code  Wk  stm32l432xx_Vectors.o
  LPUART1_IRQHandler         0x08001245                  2  Code  Wk  stm32l432xx_Vectors.o
  MemManage_Handler          0x0800018F                  2  Code  Wk  stm32l432xx_Vectors.o
  NMI_Handler                0x0800018D                  2  Code  Wk  stm32l432xx_Vectors.o
  PVD_PVM_IRQHandler         0x080011E5                  2  Code  Wk  stm32l432xx_Vectors.o
  PendSV_Handler             0x08000EEF                  2  Code  Wk  stm32l432xx_Vectors.o
  QUADSPI_IRQHandler         0x08001247                  2  Code  Wk  stm32l432xx_Vectors.o
  RCC_IRQHandler             0x080011ED                  2  Code  Wk  stm32l432xx_Vectors.o
  RNG_IRQHandler             0x08001253                  2  Code  Wk  stm32l432xx_Vectors.o
  RTC_Alarm_IRQHandler       0x08001227                  2  Code  Wk  stm32l432xx_Vectors.o
  RTC_WKUP_IRQHandler        0x080011E9                  2  Code  Wk  stm32l432xx_Vectors.o
  Reset_Handler              0x08001393                  2  Code  Gb  STM32L4xx_Startup.o
  SAI1_IRQHandler            0x0800124D                  2  Code  Wk  stm32l432xx_Vectors.o
  SEGGER_RTT_Write           0x0800131D          54      2  Code  Gb  SEGGER_RTT.o (prinops_rtt_v7em_fpv4_sp_d16_hard_t_le_eabi_balanced.a)
  SEGGER_RTT_WriteNoLock     0x080015C3          88      2  Code  Gb  SEGGER_RTT.o (prinops_rtt_v7em_fpv4_sp_d16_hard_t_le_eabi_balanced.a)
  SPI1_IRQHandler            0x0800121F                  2  Code  Wk  stm32l432xx_Vectors.o
  SPI3_IRQHandler            0x08001229                  2  Code  Wk  stm32l432xx_Vectors.o
  SVC_Handler                0x08000D1B                  2  Code  Wk  stm32l432xx_Vectors.o
  SWPMI1_IRQHandler          0x0800124F                  2  Code  Wk  stm32l432xx_Vectors.o
  SysTick_Handler            0x080010B3                  2  Code  Wk  stm32l432xx_Vectors.o
  SystemCoreClockUpdate      0x08000B71         370      4  Code  Gb  system_stm32l4xx.o
  SystemInit                 0x08000209          92      4  Code  Gb  system_stm32l4xx.o
  TAMP_STAMP_IRQHandler      0x080011E7                  2  Code  Wk  stm32l432xx_Vectors.o
  TIM1_BRK_TIM15_IRQHandler  0x08001211                  2  Code  Wk  stm32l432xx_Vectors.o
  TIM1_CC_IRQHandler         0x08001217                  2  Code  Wk  stm32l432xx_Vectors.o
  TIM1_TRG_COM_IRQHandler    0x08001215                  2  Code  Wk  stm32l432xx_Vectors.o
  TIM1_UP_TIM16_IRQHandler   0x08001213                  2  Code  Wk  stm32l432xx_Vectors.o
  TIM2_IRQHandler            0x08001219                  2  Code  Wk  stm32l432xx_Vectors.o
  TIM6_DAC_IRQHandler        0x0800122B                  2  Code  Wk  stm32l432xx_Vectors.o
  TIM7_IRQHandler            0x0800122D                  2  Code  Wk  stm32l432xx_Vectors.o
  TSC_IRQHandler             0x08001251                  2  Code  Wk  stm32l432xx_Vectors.o
  USART1_IRQHandler          0x08001221                  2  Code  Wk  stm32l432xx_Vectors.o
  USART2_IRQHandler          0x08001223                  2  Code  Wk  stm32l432xx_Vectors.o
  USB_IRQHandler             0x0800123F                  2  Code  Wk  stm32l432xx_Vectors.o
  UsageFault_Handler         0x08000CF3                  2  Code  Wk  stm32l432xx_Vectors.o
  WWDG_IRQHandler            0x080011E3                  2  Code  Wk  stm32l432xx_Vectors.o
  _DoInit                    0x0800151B         100      2  Code  Lc  SEGGER_RTT.o (prinops_rtt_v7em_fpv4_sp_d16_hard_t_le_eabi_balanced.a)
  _GetAvailWriteSpace        0x080012B1          22      2  Code  Lc  SEGGER_RTT.o (prinops_rtt_v7em_fpv4_sp_d16_hard_t_le_eabi_balanced.a)
  _WriteBlocking             0x080012C7          86      2  Code  Lc  SEGGER_RTT.o (prinops_rtt_v7em_fpv4_sp_d16_hard_t_le_eabi_balanced.a)
  _WriteNoCheck              0x0800157F          68      2  Code  Lc  SEGGER_RTT.o (prinops_rtt_v7em_fpv4_sp_d16_hard_t_le_eabi_balanced.a)
  __NVIC_EnableIRQ           0x080005E9          44      4  Code  Lc  button_interrupt.o
  __NVIC_SetPriority         0x08000D1D          62      4  Code  Lc  button_interrupt.o
  __SEGGER_RTL_X_file_bufsize
                             0x08001517           4      2  Code  Gb  prinops_rtt.o (prinops_rtt_v7em_fpv4_sp_d16_hard_t_le_eabi_balanced.a)
  __SEGGER_RTL_X_file_stat   0x080014DF          56      2  Code  Gb  prinops_rtt.o (prinops_rtt_v7em_fpv4_sp_d16_hard_t_le_eabi_balanced.a)
  __SEGGER_RTL_X_file_write  0x080012AB           6      2  Code  Gb  prinops_rtt.o (prinops_rtt_v7em_fpv4_sp_d16_hard_t_le_eabi_balanced.a)
  __SEGGER_RTL_ascii_isctype
                             0x08001633          32      2  Code  Lc  mbops.o (mbops_timeops_v7em_fpv4_sp_d16_hard_t_le_eabi_balanced.a)
  __SEGGER_RTL_ascii_iswctype
                             0x0800166B          32      2  Code  Lc  mbops.o (mbops_timeops_v7em_fpv4_sp_d16_hard_t_le_eabi_balanced.a)
  __SEGGER_RTL_ascii_mbtowc  0x08001353          50      2  Code  Gb  mbops.o (mbops_timeops_v7em_fpv4_sp_d16_hard_t_le_eabi_balanced.a)
  __SEGGER_RTL_ascii_tolower
                             0x0800165F          12      2  Code  Lc  mbops.o (mbops_timeops_v7em_fpv4_sp_d16_hard_t_le_eabi_balanced.a)
  __SEGGER_RTL_ascii_toupper
                             0x08001653          12      2  Code  Lc  mbops.o (mbops_timeops_v7em_fpv4_sp_d16_hard_t_le_eabi_balanced.a)
  __SEGGER_RTL_ascii_towlower
                             0x08001697          12      2  Code  Lc  mbops.o (mbops_timeops_v7em_fpv4_sp_d16_hard_t_le_eabi_balanced.a)
  __SEGGER_RTL_ascii_towupper
                             0x0800168B          12      2  Code  Lc  mbops.o (mbops_timeops_v7em_fpv4_sp_d16_hard_t_le_eabi_balanced.a)
  __SEGGER_RTL_ascii_wctomb  0x08001385          14      2  Code  Gb  mbops.o (mbops_timeops_v7em_fpv4_sp_d16_hard_t_le_eabi_balanced.a)
  __SEGGER_RTL_current_locale
                             0x0800161B          24      2  Code  Gb  mbops.o (mbops_timeops_v7em_fpv4_sp_d16_hard_t_le_eabi_balanced.a)
  __SEGGER_RTL_prin_flush    0x08001287          26      2  Code  Gb  prinops.o (libc_v7em_fpv4_sp_d16_hard_t_le_eabi_balanced.a)
  __SEGGER_RTL_putc          0x080013AB         132      2  Code  Gb  prinops.o (libc_v7em_fpv4_sp_d16_hard_t_le_eabi_balanced.a)
  __SEGGER_RTL_stream_write  0x080012A1          10      2  Code  Lc  prinops.o (libc_v7em_fpv4_sp_d16_hard_t_le_eabi_balanced.a)
  __SEGGER_RTL_vfprintf      0x080006C5         868      4  Code  Gb  __SEGGER_RTL_vfprintf_int_nwp.o (libc_v7em_fpv4_sp_d16_hard_t_le_eabi_balanced.a)
  __SEGGER_RTL_vfprintf_int_nwp
                             0x080006C5         868      4  Code  Gb  __SEGGER_RTL_vfprintf_int_nwp.o (libc_v7em_fpv4_sp_d16_hard_t_le_eabi_balanced.a)
  __SEGGER_init_copy         0x08001937          20      2  Code  Wk  SEGGER_crtinit.o (SEGGER_crtinit_v7em_fpv4_sp_d16_hard_t_le_eabi_balanced.a)
  __SEGGER_init_ctors        0x080018B9          26      4  Code  Wk  SEGGER_crtinit.o (SEGGER_crtinit_v7em_fpv4_sp_d16_hard_t_le_eabi_balanced.a)
  __SEGGER_init_done         0x0800061F                  4  Code  Gb  SEGGER_THUMB_Startup.o
  __SEGGER_init_zero         0x08001925          18      2  Code  Wk  SEGGER_crtinit.o (SEGGER_crtinit_v7em_fpv4_sp_d16_hard_t_le_eabi_balanced.a)
  __aeabi_d2uiz              0x08000651          36      4  Code  Wk  floatasmops_arm.o (libc_v7em_fpv4_sp_d16_hard_t_le_eabi_balanced.a)
  __aeabi_ddiv               0x08000EF1         450      4  Code  Wk  floatasmops_arm.o (libc_v7em_fpv4_sp_d16_hard_t_le_eabi_balanced.a)
  __aeabi_f2d                0x08000691          52      4  Code  Wk  floatasmops_arm.o (libc_v7em_fpv4_sp_d16_hard_t_le_eabi_balanced.a)
  __aeabi_memclr             0x08000A85         104      4  Code  Wk  strasmops_arm.o (strops_unaligned_v7em_fpv4_sp_d16_hard_t_le_eabi_balanced.a)
  __aeabi_memclr4            0x08000A85                  4  Code  Wk  strasmops_arm.o (strops_unaligned_v7em_fpv4_sp_d16_hard_t_le_eabi_balanced.a)
  __aeabi_memclr8            0x08000A85                  4  Code  Wk  strasmops_arm.o (strops_unaligned_v7em_fpv4_sp_d16_hard_t_le_eabi_balanced.a)
  __aeabi_memcpy             0x08000A29                  4  Code  Wk  strasmops_arm.o (strops_unaligned_v7em_fpv4_sp_d16_hard_t_le_eabi_balanced.a)
  __aeabi_memcpy4            0x08000A47                  4  Code  Wk  strasmops_arm.o (strops_unaligned_v7em_fpv4_sp_d16_hard_t_le_eabi_balanced.a)
  __aeabi_memcpy8            0x08000A47                  4  Code  Wk  strasmops_arm.o (strops_unaligned_v7em_fpv4_sp_d16_hard_t_le_eabi_balanced.a)
  __aeabi_memset             0x08000A87                  4  Code  Wk  strasmops_arm.o (strops_unaligned_v7em_fpv4_sp_d16_hard_t_le_eabi_balanced.a)
  __aeabi_memset4            0x08000A87                  4  Code  Wk  strasmops_arm.o (strops_unaligned_v7em_fpv4_sp_d16_hard_t_le_eabi_balanced.a)
  __aeabi_memset8            0x08000A87                  4  Code  Wk  strasmops_arm.o (strops_unaligned_v7em_fpv4_sp_d16_hard_t_le_eabi_balanced.a)
  __aeabi_ui2d               0x08000675          28      4  Code  Wk  floatasmops_arm.o (libc_v7em_fpv4_sp_d16_hard_t_le_eabi_balanced.a)
  __aeabi_uldivmod           0x080010B5         302      4  Code  Wk  intasmops_arm.o (libc_v7em_fpv4_sp_d16_hard_t_le_eabi_balanced.a)
  __startup_complete         0x0800061F                  4  Code  Gb  SEGGER_THUMB_Startup.o
  _start                     0x08000615          14      4  Code  Gb  SEGGER_THUMB_Startup.o
  digitalRead                0x08000CF5          38      4  Code  Gb  STM32L432KC_GPIO.o
  exit                       0x08000623           2      4  Code  Gb  SEGGER_THUMB_Startup.o
  fwrite                     0x08001259          46      2  Code  Wk  fileops.o (libc_v7em_fpv4_sp_d16_hard_t_le_eabi_balanced.a)
  gpioEnable                 0x08000295          80      4  Code  Gb  STM32L432KC_GPIO.o
  gpioPinOffset              0x08000CE5          14      4  Code  Gb  STM32L432KC_GPIO.o
  gpioPinToBase              0x08000331          20      4  Code  Gb  STM32L432KC_GPIO.o
  gpioPinToPort              0x080002E5          12      4  Code  Gb  STM32L432KC_GPIO.o
  gpioPortToBase             0x080002F1          64      4  Code  Gb  STM32L432KC_GPIO.o
  initTIM                    0x08000191         120      8  Code  Gb  STM32L432KC_TIM.o
  main                       0x080003E5         516      4  Code  Gb  button_interrupt.o
  memcpy                     0x08000A29          92      4  Code  Wk  strasmops_arm.o (strops_unaligned_v7em_fpv4_sp_d16_hard_t_le_eabi_balanced.a)
  memset                     0x08000A8D                  4  Code  Wk  strasmops_arm.o (strops_unaligned_v7em_fpv4_sp_d16_hard_t_le_eabi_balanced.a)
  pinMode                    0x08000345         160      4  Code  Gb  STM32L432KC_GPIO.o
  printf                     0x080014B3          44      2  Code  Wk  prinops.o (libc_v7em_fpv4_sp_d16_hard_t_le_eabi_balanced.a)
  reset_handler              0x08001393                  2  Code  Gb  STM32L4xx_Startup.o
  vfprintf                   0x0800142F          28      2  Code  Wk  prinops.o (libc_v7em_fpv4_sp_d16_hard_t_le_eabi_balanced.a)
  vfprintf_l                 0x0800144B         104      2  Code  Wk  prinops.o (libc_v7em_fpv4_sp_d16_hard_t_le_eabi_balanced.a)

Function symbols by address:

     Address  Symbol name                      Size  Align  Type  Bd  Object File
  ----------  -------------------------  ----------  -----  ----  --  -----------
  0x0800018D  NMI_Handler                                2  Code  Wk  stm32l432xx_Vectors.o
  0x0800018F  MemManage_Handler                          2  Code  Wk  stm32l432xx_Vectors.o
  0x08000191  initTIM                           120      8  Code  Gb  STM32L432KC_TIM.o
  0x08000209  SystemInit                         92      4  Code  Gb  system_stm32l4xx.o
  0x08000295  gpioEnable                         80      4  Code  Gb  STM32L432KC_GPIO.o
  0x080002E5  gpioPinToPort                      12      4  Code  Gb  STM32L432KC_GPIO.o
  0x080002F1  gpioPortToBase                     64      4  Code  Gb  STM32L432KC_GPIO.o
  0x08000331  gpioPinToBase                      20      4  Code  Gb  STM32L432KC_GPIO.o
  0x08000345  pinMode                           160      4  Code  Gb  STM32L432KC_GPIO.o
  0x080003E5  main                              516      4  Code  Gb  button_interrupt.o
  0x080005E9  __NVIC_EnableIRQ                   44      4  Code  Lc  button_interrupt.o
  0x08000615  _start                             14      4  Code  Gb  SEGGER_THUMB_Startup.o
  0x0800061F  __startup_complete                         4  Code  Gb  SEGGER_THUMB_Startup.o
  0x0800061F  __SEGGER_init_done                         4  Code  Gb  SEGGER_THUMB_Startup.o
  0x08000623  exit                                2      4  Code  Gb  SEGGER_THUMB_Startup.o
  0x08000629  HardFault_Handler                          4  Code  Wk  STM32L4xx_Startup.o
  0x08000651  __aeabi_d2uiz                      36      4  Code  Wk  floatasmops_arm.o (libc_v7em_fpv4_sp_d16_hard_t_le_eabi_balanced.a)
  0x08000675  __aeabi_ui2d                       28      4  Code  Wk  floatasmops_arm.o (libc_v7em_fpv4_sp_d16_hard_t_le_eabi_balanced.a)
  0x08000691  __aeabi_f2d                        52      4  Code  Wk  floatasmops_arm.o (libc_v7em_fpv4_sp_d16_hard_t_le_eabi_balanced.a)
  0x080006C5  __SEGGER_RTL_vfprintf_int_nwp
                                                868      4  Code  Gb  __SEGGER_RTL_vfprintf_int_nwp.o (libc_v7em_fpv4_sp_d16_hard_t_le_eabi_balanced.a)
  0x080006C5  __SEGGER_RTL_vfprintf             868      4  Code  Gb  __SEGGER_RTL_vfprintf_int_nwp.o (libc_v7em_fpv4_sp_d16_hard_t_le_eabi_balanced.a)
  0x08000A29  memcpy                             92      4  Code  Wk  strasmops_arm.o (strops_unaligned_v7em_fpv4_sp_d16_hard_t_le_eabi_balanced.a)
  0x08000A29  __aeabi_memcpy                             4  Code  Wk  strasmops_arm.o (strops_unaligned_v7em_fpv4_sp_d16_hard_t_le_eabi_balanced.a)
  0x08000A47  __aeabi_memcpy8                            4  Code  Wk  strasmops_arm.o (strops_unaligned_v7em_fpv4_sp_d16_hard_t_le_eabi_balanced.a)
  0x08000A47  __aeabi_memcpy4                            4  Code  Wk  strasmops_arm.o (strops_unaligned_v7em_fpv4_sp_d16_hard_t_le_eabi_balanced.a)
  0x08000A85  __aeabi_memclr8                            4  Code  Wk  strasmops_arm.o (strops_unaligned_v7em_fpv4_sp_d16_hard_t_le_eabi_balanced.a)
  0x08000A85  __aeabi_memclr4                            4  Code  Wk  strasmops_arm.o (strops_unaligned_v7em_fpv4_sp_d16_hard_t_le_eabi_balanced.a)
  0x08000A85  __aeabi_memclr                    104      4  Code  Wk  strasmops_arm.o (strops_unaligned_v7em_fpv4_sp_d16_hard_t_le_eabi_balanced.a)
  0x08000A87  __aeabi_memset8                            4  Code  Wk  strasmops_arm.o (strops_unaligned_v7em_fpv4_sp_d16_hard_t_le_eabi_balanced.a)
  0x08000A87  __aeabi_memset4                            4  Code  Wk  strasmops_arm.o (strops_unaligned_v7em_fpv4_sp_d16_hard_t_le_eabi_balanced.a)
  0x08000A87  __aeabi_memset                             4  Code  Wk  strasmops_arm.o (strops_unaligned_v7em_fpv4_sp_d16_hard_t_le_eabi_balanced.a)
  0x08000A8D  memset                                     4  Code  Wk  strasmops_arm.o (strops_unaligned_v7em_fpv4_sp_d16_hard_t_le_eabi_balanced.a)
  0x08000B71  SystemCoreClockUpdate             370      4  Code  Gb  system_stm32l4xx.o
  0x08000CE3  BusFault_Handler                           2  Code  Wk  stm32l432xx_Vectors.o
  0x08000CE5  gpioPinOffset                      14      4  Code  Gb  STM32L432KC_GPIO.o
  0x08000CF3  UsageFault_Handler                         2  Code  Wk  stm32l432xx_Vectors.o
  0x08000CF5  digitalRead                        38      4  Code  Gb  STM32L432KC_GPIO.o
  0x08000D1B  SVC_Handler                                2  Code  Wk  stm32l432xx_Vectors.o
  0x08000D1D  __NVIC_SetPriority                 62      4  Code  Lc  button_interrupt.o
  0x08000D5B  DebugMon_Handler                           2  Code  Wk  stm32l432xx_Vectors.o
  0x08000D5D  EXTI9_5_IRQHandler                402      4  Code  Gb  button_interrupt.o
  0x08000EEF  PendSV_Handler                             2  Code  Wk  stm32l432xx_Vectors.o
  0x08000EF1  __aeabi_ddiv                      450      4  Code  Wk  floatasmops_arm.o (libc_v7em_fpv4_sp_d16_hard_t_le_eabi_balanced.a)
  0x080010B3  SysTick_Handler                            2  Code  Wk  stm32l432xx_Vectors.o
  0x080010B5  __aeabi_uldivmod                  302      4  Code  Wk  intasmops_arm.o (libc_v7em_fpv4_sp_d16_hard_t_le_eabi_balanced.a)
  0x080011E3  WWDG_IRQHandler                            2  Code  Wk  stm32l432xx_Vectors.o
  0x080011E5  PVD_PVM_IRQHandler                         2  Code  Wk  stm32l432xx_Vectors.o
  0x080011E7  TAMP_STAMP_IRQHandler                      2  Code  Wk  stm32l432xx_Vectors.o
  0x080011E9  RTC_WKUP_IRQHandler                        2  Code  Wk  stm32l432xx_Vectors.o
  0x080011EB  FLASH_IRQHandler                           2  Code  Wk  stm32l432xx_Vectors.o
  0x080011ED  RCC_IRQHandler                             2  Code  Wk  stm32l432xx_Vectors.o
  0x080011EF  EXTI0_IRQHandler                           2  Code  Wk  stm32l432xx_Vectors.o
  0x080011F1  EXTI1_IRQHandler                           2  Code  Wk  stm32l432xx_Vectors.o
  0x080011F3  EXTI2_IRQHandler                           2  Code  Wk  stm32l432xx_Vectors.o
  0x080011F5  EXTI3_IRQHandler                           2  Code  Wk  stm32l432xx_Vectors.o
  0x080011F7  EXTI4_IRQHandler                           2  Code  Wk  stm32l432xx_Vectors.o
  0x080011F9  DMA1_Channel1_IRQHandler                   2  Code  Wk  stm32l432xx_Vectors.o
  0x080011FB  DMA1_Channel2_IRQHandler                   2  Code  Wk  stm32l432xx_Vectors.o
  0x080011FD  DMA1_Channel3_IRQHandler                   2  Code  Wk  stm32l432xx_Vectors.o
  0x080011FF  DMA1_Channel4_IRQHandler                   2  Code  Wk  stm32l432xx_Vectors.o
  0x08001201  DMA1_Channel5_IRQHandler                   2  Code  Wk  stm32l432xx_Vectors.o
  0x08001203  DMA1_Channel6_IRQHandler                   2  Code  Wk  stm32l432xx_Vectors.o
  0x08001205  DMA1_Channel7_IRQHandler                   2  Code  Wk  stm32l432xx_Vectors.o
  0x08001207  ADC1_IRQHandler                            2  Code  Wk  stm32l432xx_Vectors.o
  0x08001209  CAN1_TX_IRQHandler                         2  Code  Wk  stm32l432xx_Vectors.o
  0x0800120B  CAN1_RX0_IRQHandler                        2  Code  Wk  stm32l432xx_Vectors.o
  0x0800120D  CAN1_RX1_IRQHandler                        2  Code  Wk  stm32l432xx_Vectors.o
  0x0800120F  CAN1_SCE_IRQHandler                        2  Code  Wk  stm32l432xx_Vectors.o
  0x08001211  TIM1_BRK_TIM15_IRQHandler                  2  Code  Wk  stm32l432xx_Vectors.o
  0x08001213  TIM1_UP_TIM16_IRQHandler                   2  Code  Wk  stm32l432xx_Vectors.o
  0x08001215  TIM1_TRG_COM_IRQHandler                    2  Code  Wk  stm32l432xx_Vectors.o
  0x08001217  TIM1_CC_IRQHandler                         2  Code  Wk  stm32l432xx_Vectors.o
  0x08001219  TIM2_IRQHandler                            2  Code  Wk  stm32l432xx_Vectors.o
  0x0800121B  I2C1_EV_IRQHandler                         2  Code  Wk  stm32l432xx_Vectors.o
  0x0800121D  I2C1_ER_IRQHandler                         2  Code  Wk  stm32l432xx_Vectors.o
  0x0800121F  SPI1_IRQHandler                            2  Code  Wk  stm32l432xx_Vectors.o
  0x08001221  USART1_IRQHandler                          2  Code  Wk  stm32l432xx_Vectors.o
  0x08001223  USART2_IRQHandler                          2  Code  Wk  stm32l432xx_Vectors.o
  0x08001225  EXTI15_10_IRQHandler                       2  Code  Wk  stm32l432xx_Vectors.o
  0x08001227  RTC_Alarm_IRQHandler                       2  Code  Wk  stm32l432xx_Vectors.o
  0x08001229  SPI3_IRQHandler                            2  Code  Wk  stm32l432xx_Vectors.o
  0x0800122B  TIM6_DAC_IRQHandler                        2  Code  Wk  stm32l432xx_Vectors.o
  0x0800122D  TIM7_IRQHandler                            2  Code  Wk  stm32l432xx_Vectors.o
  0x0800122F  DMA2_Channel1_IRQHandler                   2  Code  Wk  stm32l432xx_Vectors.o
  0x08001231  DMA2_Channel2_IRQHandler                   2  Code  Wk  stm32l432xx_Vectors.o
  0x08001233  DMA2_Channel3_IRQHandler                   2  Code  Wk  stm32l432xx_Vectors.o
  0x08001235  DMA2_Channel4_IRQHandler                   2  Code  Wk  stm32l432xx_Vectors.o
  0x08001237  DMA2_Channel5_IRQHandler                   2  Code  Wk  stm32l432xx_Vectors.o
  0x08001239  COMP_IRQHandler                            2  Code  Wk  stm32l432xx_Vectors.o
  0x0800123B  LPTIM1_IRQHandler                          2  Code  Wk  stm32l432xx_Vectors.o
  0x0800123D  LPTIM2_IRQHandler                          2  Code  Wk  stm32l432xx_Vectors.o
  0x0800123F  USB_IRQHandler                             2  Code  Wk  stm32l432xx_Vectors.o
  0x08001241  DMA2_Channel6_IRQHandler                   2  Code  Wk  stm32l432xx_Vectors.o
  0x08001243  DMA2_Channel7_IRQHandler                   2  Code  Wk  stm32l432xx_Vectors.o
  0x08001245  LPUART1_IRQHandler                         2  Code  Wk  stm32l432xx_Vectors.o
  0x08001247  QUADSPI_IRQHandler                         2  Code  Wk  stm32l432xx_Vectors.o
  0x08001249  I2C3_EV_IRQHandler                         2  Code  Wk  stm32l432xx_Vectors.o
  0x0800124B  I2C3_ER_IRQHandler                         2  Code  Wk  stm32l432xx_Vectors.o
  0x0800124D  SAI1_IRQHandler                            2  Code  Wk  stm32l432xx_Vectors.o
  0x0800124F  SWPMI1_IRQHandler                          2  Code  Wk  stm32l432xx_Vectors.o
  0x08001251  TSC_IRQHandler                             2  Code  Wk  stm32l432xx_Vectors.o
  0x08001253  RNG_IRQHandler                             2  Code  Wk  stm32l432xx_Vectors.o
  0x08001255  FPU_IRQHandler                             2  Code  Wk  stm32l432xx_Vectors.o
  0x08001257  CRS_IRQHandler                             2  Code  Wk  stm32l432xx_Vectors.o
  0x08001259  fwrite                             46      2  Code  Wk  fileops.o (libc_v7em_fpv4_sp_d16_hard_t_le_eabi_balanced.a)
  0x08001287  __SEGGER_RTL_prin_flush            26      2  Code  Gb  prinops.o (libc_v7em_fpv4_sp_d16_hard_t_le_eabi_balanced.a)
  0x080012A1  __SEGGER_RTL_stream_write          10      2  Code  Lc  prinops.o (libc_v7em_fpv4_sp_d16_hard_t_le_eabi_balanced.a)
  0x080012AB  __SEGGER_RTL_X_file_write           6      2  Code  Gb  prinops_rtt.o (prinops_rtt_v7em_fpv4_sp_d16_hard_t_le_eabi_balanced.a)
  0x080012B1  _GetAvailWriteSpace                22      2  Code  Lc  SEGGER_RTT.o (prinops_rtt_v7em_fpv4_sp_d16_hard_t_le_eabi_balanced.a)
  0x080012C7  _WriteBlocking                     86      2  Code  Lc  SEGGER_RTT.o (prinops_rtt_v7em_fpv4_sp_d16_hard_t_le_eabi_balanced.a)
  0x0800131D  SEGGER_RTT_Write                   54      2  Code  Gb  SEGGER_RTT.o (prinops_rtt_v7em_fpv4_sp_d16_hard_t_le_eabi_balanced.a)
  0x08001353  __SEGGER_RTL_ascii_mbtowc          50      2  Code  Gb  mbops.o (mbops_timeops_v7em_fpv4_sp_d16_hard_t_le_eabi_balanced.a)
  0x08001385  __SEGGER_RTL_ascii_wctomb          14      2  Code  Gb  mbops.o (mbops_timeops_v7em_fpv4_sp_d16_hard_t_le_eabi_balanced.a)
  0x08001393  reset_handler                              2  Code  Gb  STM32L4xx_Startup.o
  0x08001393  Reset_Handler                              2  Code  Gb  STM32L4xx_Startup.o
  0x080013AB  __SEGGER_RTL_putc                 132      2  Code  Gb  prinops.o (libc_v7em_fpv4_sp_d16_hard_t_le_eabi_balanced.a)
  0x0800142F  vfprintf                           28      2  Code  Wk  prinops.o (libc_v7em_fpv4_sp_d16_hard_t_le_eabi_balanced.a)
  0x0800144B  vfprintf_l                        104      2  Code  Wk  prinops.o (libc_v7em_fpv4_sp_d16_hard_t_le_eabi_balanced.a)
  0x080014B3  printf                             44      2  Code  Wk  prinops.o (libc_v7em_fpv4_sp_d16_hard_t_le_eabi_balanced.a)
  0x080014DF  __SEGGER_RTL_X_file_stat           56      2  Code  Gb  prinops_rtt.o (prinops_rtt_v7em_fpv4_sp_d16_hard_t_le_eabi_balanced.a)
  0x08001517  __SEGGER_RTL_X_file_bufsize
                                                  4      2  Code  Gb  prinops_rtt.o (prinops_rtt_v7em_fpv4_sp_d16_hard_t_le_eabi_balanced.a)
  0x0800151B  _DoInit                           100      2  Code  Lc  SEGGER_RTT.o (prinops_rtt_v7em_fpv4_sp_d16_hard_t_le_eabi_balanced.a)
  0x0800157F  _WriteNoCheck                      68      2  Code  Lc  SEGGER_RTT.o (prinops_rtt_v7em_fpv4_sp_d16_hard_t_le_eabi_balanced.a)
  0x080015C3  SEGGER_RTT_WriteNoLock             88      2  Code  Gb  SEGGER_RTT.o (prinops_rtt_v7em_fpv4_sp_d16_hard_t_le_eabi_balanced.a)
  0x0800161B  __SEGGER_RTL_current_locale
                                                 24      2  Code  Gb  mbops.o (mbops_timeops_v7em_fpv4_sp_d16_hard_t_le_eabi_balanced.a)
  0x08001633  __SEGGER_RTL_ascii_isctype
                                                 32      2  Code  Lc  mbops.o (mbops_timeops_v7em_fpv4_sp_d16_hard_t_le_eabi_balanced.a)
  0x08001653  __SEGGER_RTL_ascii_toupper
                                                 12      2  Code  Lc  mbops.o (mbops_timeops_v7em_fpv4_sp_d16_hard_t_le_eabi_balanced.a)
  0x0800165F  __SEGGER_RTL_ascii_tolower
                                                 12      2  Code  Lc  mbops.o (mbops_timeops_v7em_fpv4_sp_d16_hard_t_le_eabi_balanced.a)
  0x0800166B  __SEGGER_RTL_ascii_iswctype
                                                 32      2  Code  Lc  mbops.o (mbops_timeops_v7em_fpv4_sp_d16_hard_t_le_eabi_balanced.a)
  0x0800168B  __SEGGER_RTL_ascii_towupper
                                                 12      2  Code  Lc  mbops.o (mbops_timeops_v7em_fpv4_sp_d16_hard_t_le_eabi_balanced.a)
  0x08001697  __SEGGER_RTL_ascii_towlower
                                                 12      2  Code  Lc  mbops.o (mbops_timeops_v7em_fpv4_sp_d16_hard_t_le_eabi_balanced.a)
  0x080018B9  __SEGGER_init_ctors                26      4  Code  Wk  SEGGER_crtinit.o (SEGGER_crtinit_v7em_fpv4_sp_d16_hard_t_le_eabi_balanced.a)
  0x08001925  __SEGGER_init_zero                 18      2  Code  Wk  SEGGER_crtinit.o (SEGGER_crtinit_v7em_fpv4_sp_d16_hard_t_le_eabi_balanced.a)
  0x08001937  __SEGGER_init_copy                 20      2  Code  Wk  SEGGER_crtinit.o (SEGGER_crtinit_v7em_fpv4_sp_d16_hard_t_le_eabi_balanced.a)

Function symbols by descending size:

  Symbol name                      Size  Align  Type  Bd  Object File
  -------------------------  ----------  -----  ----  --  -----------
  __SEGGER_RTL_vfprintf             868      4  Code  Gb  __SEGGER_RTL_vfprintf_int_nwp.o (libc_v7em_fpv4_sp_d16_hard_t_le_eabi_balanced.a)
  __SEGGER_RTL_vfprintf_int_nwp
                                    868      4  Code  Gb  __SEGGER_RTL_vfprintf_int_nwp.o (libc_v7em_fpv4_sp_d16_hard_t_le_eabi_balanced.a)
  main                              516      4  Code  Gb  button_interrupt.o
  __aeabi_ddiv                      450      4  Code  Wk  floatasmops_arm.o (libc_v7em_fpv4_sp_d16_hard_t_le_eabi_balanced.a)
  EXTI9_5_IRQHandler                402      4  Code  Gb  button_interrupt.o
  SystemCoreClockUpdate             370      4  Code  Gb  system_stm32l4xx.o
  __aeabi_uldivmod                  302      4  Code  Wk  intasmops_arm.o (libc_v7em_fpv4_sp_d16_hard_t_le_eabi_balanced.a)
  pinMode                           160      4  Code  Gb  STM32L432KC_GPIO.o
  __SEGGER_RTL_putc                 132      2  Code  Gb  prinops.o (libc_v7em_fpv4_sp_d16_hard_t_le_eabi_balanced.a)
  initTIM                           120      8  Code  Gb  STM32L432KC_TIM.o
  __aeabi_memclr                    104      4  Code  Wk  strasmops_arm.o (strops_unaligned_v7em_fpv4_sp_d16_hard_t_le_eabi_balanced.a)
  vfprintf_l                        104      2  Code  Wk  prinops.o (libc_v7em_fpv4_sp_d16_hard_t_le_eabi_balanced.a)
  _DoInit                           100      2  Code  Lc  SEGGER_RTT.o (prinops_rtt_v7em_fpv4_sp_d16_hard_t_le_eabi_balanced.a)
  SystemInit                         92      4  Code  Gb  system_stm32l4xx.o
  memcpy                             92      4  Code  Wk  strasmops_arm.o (strops_unaligned_v7em_fpv4_sp_d16_hard_t_le_eabi_balanced.a)
  SEGGER_RTT_WriteNoLock             88      2  Code  Gb  SEGGER_RTT.o (prinops_rtt_v7em_fpv4_sp_d16_hard_t_le_eabi_balanced.a)
  _WriteBlocking                     86      2  Code  Lc  SEGGER_RTT.o (prinops_rtt_v7em_fpv4_sp_d16_hard_t_le_eabi_balanced.a)
  gpioEnable                         80      4  Code  Gb  STM32L432KC_GPIO.o
  _WriteNoCheck                      68      2  Code  Lc  SEGGER_RTT.o (prinops_rtt_v7em_fpv4_sp_d16_hard_t_le_eabi_balanced.a)
  gpioPortToBase                     64      4  Code  Gb  STM32L432KC_GPIO.o
  __NVIC_SetPriority                 62      4  Code  Lc  button_interrupt.o
  __SEGGER_RTL_X_file_stat           56      2  Code  Gb  prinops_rtt.o (prinops_rtt_v7em_fpv4_sp_d16_hard_t_le_eabi_balanced.a)
  SEGGER_RTT_Write                   54      2  Code  Gb  SEGGER_RTT.o (prinops_rtt_v7em_fpv4_sp_d16_hard_t_le_eabi_balanced.a)
  __aeabi_f2d                        52      4  Code  Wk  floatasmops_arm.o (libc_v7em_fpv4_sp_d16_hard_t_le_eabi_balanced.a)
  __SEGGER_RTL_ascii_mbtowc          50      2  Code  Gb  mbops.o (mbops_timeops_v7em_fpv4_sp_d16_hard_t_le_eabi_balanced.a)
  fwrite                             46      2  Code  Wk  fileops.o (libc_v7em_fpv4_sp_d16_hard_t_le_eabi_balanced.a)
  __NVIC_EnableIRQ                   44      4  Code  Lc  button_interrupt.o
  printf                             44      2  Code  Wk  prinops.o (libc_v7em_fpv4_sp_d16_hard_t_le_eabi_balanced.a)
  digitalRead                        38      4  Code  Gb  STM32L432KC_GPIO.o
  __aeabi_d2uiz                      36      4  Code  Wk  floatasmops_arm.o (libc_v7em_fpv4_sp_d16_hard_t_le_eabi_balanced.a)
  __SEGGER_RTL_ascii_isctype
                                     32      2  Code  Lc  mbops.o (mbops_timeops_v7em_fpv4_sp_d16_hard_t_le_eabi_balanced.a)
  __SEGGER_RTL_ascii_iswctype
                                     32      2  Code  Lc  mbops.o (mbops_timeops_v7em_fpv4_sp_d16_hard_t_le_eabi_balanced.a)
  __aeabi_ui2d                       28      4  Code  Wk  floatasmops_arm.o (libc_v7em_fpv4_sp_d16_hard_t_le_eabi_balanced.a)
  vfprintf                           28      2  Code  Wk  prinops.o (libc_v7em_fpv4_sp_d16_hard_t_le_eabi_balanced.a)
  __SEGGER_RTL_prin_flush            26      2  Code  Gb  prinops.o (libc_v7em_fpv4_sp_d16_hard_t_le_eabi_balanced.a)
  __SEGGER_init_ctors                26      4  Code  Wk  SEGGER_crtinit.o (SEGGER_crtinit_v7em_fpv4_sp_d16_hard_t_le_eabi_balanced.a)
  __SEGGER_RTL_current_locale
                                     24      2  Code  Gb  mbops.o (mbops_timeops_v7em_fpv4_sp_d16_hard_t_le_eabi_balanced.a)
  _GetAvailWriteSpace                22      2  Code  Lc  SEGGER_RTT.o (prinops_rtt_v7em_fpv4_sp_d16_hard_t_le_eabi_balanced.a)
  __SEGGER_init_copy                 20      2  Code  Wk  SEGGER_crtinit.o (SEGGER_crtinit_v7em_fpv4_sp_d16_hard_t_le_eabi_balanced.a)
  gpioPinToBase                      20      4  Code  Gb  STM32L432KC_GPIO.o
  __SEGGER_init_zero                 18      2  Code  Wk  SEGGER_crtinit.o (SEGGER_crtinit_v7em_fpv4_sp_d16_hard_t_le_eabi_balanced.a)
  __SEGGER_RTL_ascii_wctomb          14      2  Code  Gb  mbops.o (mbops_timeops_v7em_fpv4_sp_d16_hard_t_le_eabi_balanced.a)
  _start                             14      4  Code  Gb  SEGGER_THUMB_Startup.o
  gpioPinOffset                      14      4  Code  Gb  STM32L432KC_GPIO.o
  __SEGGER_RTL_ascii_tolower
                                     12      2  Code  Lc  mbops.o (mbops_timeops_v7em_fpv4_sp_d16_hard_t_le_eabi_balanced.a)
  __SEGGER_RTL_ascii_toupper
                                     12      2  Code  Lc  mbops.o (mbops_timeops_v7em_fpv4_sp_d16_hard_t_le_eabi_balanced.a)
  __SEGGER_RTL_ascii_towlower
                                     12      2  Code  Lc  mbops.o (mbops_timeops_v7em_fpv4_sp_d16_hard_t_le_eabi_balanced.a)
  __SEGGER_RTL_ascii_towupper
                                     12      2  Code  Lc  mbops.o (mbops_timeops_v7em_fpv4_sp_d16_hard_t_le_eabi_balanced.a)
  gpioPinToPort                      12      4  Code  Gb  STM32L432KC_GPIO.o
  __SEGGER_RTL_stream_write          10      2  Code  Lc  prinops.o (libc_v7em_fpv4_sp_d16_hard_t_le_eabi_balanced.a)
  __SEGGER_RTL_X_file_write           6      2  Code  Gb  prinops_rtt.o (prinops_rtt_v7em_fpv4_sp_d16_hard_t_le_eabi_balanced.a)
  __SEGGER_RTL_X_file_bufsize
                                      4      2  Code  Gb  prinops_rtt.o (prinops_rtt_v7em_fpv4_sp_d16_hard_t_le_eabi_balanced.a)
  exit                                2      4  Code  Gb  SEGGER_THUMB_Startup.o
  ADC1_IRQHandler                            2  Code  Wk  stm32l432xx_Vectors.o
  BusFault_Handler                           2  Code  Wk  stm32l432xx_Vectors.o
  CAN1_RX0_IRQHandler                        2  Code  Wk  stm32l432xx_Vectors.o
  CAN1_RX1_IRQHandler                        2  Code  Wk  stm32l432xx_Vectors.o
  CAN1_SCE_IRQHandler                        2  Code  Wk  stm32l432xx_Vectors.o
  CAN1_TX_IRQHandler                         2  Code  Wk  stm32l432xx_Vectors.o
  COMP_IRQHandler                            2  Code  Wk  stm32l432xx_Vectors.o
  CRS_IRQHandler                             2  Code  Wk  stm32l432xx_Vectors.o
  DMA1_Channel1_IRQHandler                   2  Code  Wk  stm32l432xx_Vectors.o
  DMA1_Channel2_IRQHandler                   2  Code  Wk  stm32l432xx_Vectors.o
  DMA1_Channel3_IRQHandler                   2  Code  Wk  stm32l432xx_Vectors.o
  DMA1_Channel4_IRQHandler                   2  Code  Wk  stm32l432xx_Vectors.o
  DMA1_Channel5_IRQHandler                   2  Code  Wk  stm32l432xx_Vectors.o
  DMA1_Channel6_IRQHandler                   2  Code  Wk  stm32l432xx_Vectors.o
  DMA1_Channel7_IRQHandler                   2  Code  Wk  stm32l432xx_Vectors.o
  DMA2_Channel1_IRQHandler                   2  Code  Wk  stm32l432xx_Vectors.o
  DMA2_Channel2_IRQHandler                   2  Code  Wk  stm32l432xx_Vectors.o
  DMA2_Channel3_IRQHandler                   2  Code  Wk  stm32l432xx_Vectors.o
  DMA2_Channel4_IRQHandler                   2  Code  Wk  stm32l432xx_Vectors.o
  DMA2_Channel5_IRQHandler                   2  Code  Wk  stm32l432xx_Vectors.o
  DMA2_Channel6_IRQHandler                   2  Code  Wk  stm32l432xx_Vectors.o
  DMA2_Channel7_IRQHandler                   2  Code  Wk  stm32l432xx_Vectors.o
  DebugMon_Handler                           2  Code  Wk  stm32l432xx_Vectors.o
  EXTI0_IRQHandler                           2  Code  Wk  stm32l432xx_Vectors.o
  EXTI15_10_IRQHandler                       2  Code  Wk  stm32l432xx_Vectors.o
  EXTI1_IRQHandler                           2  Code  Wk  stm32l432xx_Vectors.o
  EXTI2_IRQHandler                           2  Code  Wk  stm32l432xx_Vectors.o
  EXTI3_IRQHandler                           2  Code  Wk  stm32l432xx_Vectors.o
  EXTI4_IRQHandler                           2  Code  Wk  stm32l432xx_Vectors.o
  FLASH_IRQHandler                           2  Code  Wk  stm32l432xx_Vectors.o
  FPU_IRQHandler                             2  Code  Wk  stm32l432xx_Vectors.o
  HardFault_Handler                          4  Code  Wk  STM32L4xx_Startup.o
  I2C1_ER_IRQHandler                         2  Code  Wk  stm32l432xx_Vectors.o
  I2C1_EV_IRQHandler                         2  Code  Wk  stm32l432xx_Vectors.o
  I2C3_ER_IRQHandler                         2  Code  Wk  stm32l432xx_Vectors.o
  I2C3_EV_IRQHandler                         2  Code  Wk  stm32l432xx_Vectors.o
  LPTIM1_IRQHandler                          2  Code  Wk  stm32l432xx_Vectors.o
  LPTIM2_IRQHandler                          2  Code  Wk  stm32l432xx_Vectors.o
  LPUART1_IRQHandler                         2  Code  Wk  stm32l432xx_Vectors.o
  MemManage_Handler                          2  Code  Wk  stm32l432xx_Vectors.o
  NMI_Handler                                2  Code  Wk  stm32l432xx_Vectors.o
  PVD_PVM_IRQHandler                         2  Code  Wk  stm32l432xx_Vectors.o
  PendSV_Handler                             2  Code  Wk  stm32l432xx_Vectors.o
  QUADSPI_IRQHandler                         2  Code  Wk  stm32l432xx_Vectors.o
  RCC_IRQHandler                             2  Code  Wk  stm32l432xx_Vectors.o
  RNG_IRQHandler                             2  Code  Wk  stm32l432xx_Vectors.o
  RTC_Alarm_IRQHandler                       2  Code  Wk  stm32l432xx_Vectors.o
  RTC_WKUP_IRQHandler                        2  Code  Wk  stm32l432xx_Vectors.o
  Reset_Handler                              2  Code  Gb  STM32L4xx_Startup.o
  SAI1_IRQHandler                            2  Code  Wk  stm32l432xx_Vectors.o
  SPI1_IRQHandler                            2  Code  Wk  stm32l432xx_Vectors.o
  SPI3_IRQHandler                            2  Code  Wk  stm32l432xx_Vectors.o
  SVC_Handler                                2  Code  Wk  stm32l432xx_Vectors.o
  SWPMI1_IRQHandler                          2  Code  Wk  stm32l432xx_Vectors.o
  SysTick_Handler                            2  Code  Wk  stm32l432xx_Vectors.o
  TAMP_STAMP_IRQHandler                      2  Code  Wk  stm32l432xx_Vectors.o
  TIM1_BRK_TIM15_IRQHandler                  2  Code  Wk  stm32l432xx_Vectors.o
  TIM1_CC_IRQHandler                         2  Code  Wk  stm32l432xx_Vectors.o
  TIM1_TRG_COM_IRQHandler                    2  Code  Wk  stm32l432xx_Vectors.o
  TIM1_UP_TIM16_IRQHandler                   2  Code  Wk  stm32l432xx_Vectors.o
  TIM2_IRQHandler                            2  Code  Wk  stm32l432xx_Vectors.o
  TIM6_DAC_IRQHandler                        2  Code  Wk  stm32l432xx_Vectors.o
  TIM7_IRQHandler                            2  Code  Wk  stm32l432xx_Vectors.o
  TSC_IRQHandler                             2  Code  Wk  stm32l432xx_Vectors.o
  USART1_IRQHandler                          2  Code  Wk  stm32l432xx_Vectors.o
  USART2_IRQHandler                          2  Code  Wk  stm32l432xx_Vectors.o
  USB_IRQHandler                             2  Code  Wk  stm32l432xx_Vectors.o
  UsageFault_Handler                         2  Code  Wk  stm32l432xx_Vectors.o
  WWDG_IRQHandler                            2  Code  Wk  stm32l432xx_Vectors.o
  __SEGGER_init_done                         4  Code  Gb  SEGGER_THUMB_Startup.o
  __aeabi_memclr4                            4  Code  Wk  strasmops_arm.o (strops_unaligned_v7em_fpv4_sp_d16_hard_t_le_eabi_balanced.a)
  __aeabi_memclr8                            4  Code  Wk  strasmops_arm.o (strops_unaligned_v7em_fpv4_sp_d16_hard_t_le_eabi_balanced.a)
  __aeabi_memcpy                             4  Code  Wk  strasmops_arm.o (strops_unaligned_v7em_fpv4_sp_d16_hard_t_le_eabi_balanced.a)
  __aeabi_memcpy4                            4  Code  Wk  strasmops_arm.o (strops_unaligned_v7em_fpv4_sp_d16_hard_t_le_eabi_balanced.a)
  __aeabi_memcpy8                            4  Code  Wk  strasmops_arm.o (strops_unaligned_v7em_fpv4_sp_d16_hard_t_le_eabi_balanced.a)
  __aeabi_memset                             4  Code  Wk  strasmops_arm.o (strops_unaligned_v7em_fpv4_sp_d16_hard_t_le_eabi_balanced.a)
  __aeabi_memset4                            4  Code  Wk  strasmops_arm.o (strops_unaligned_v7em_fpv4_sp_d16_hard_t_le_eabi_balanced.a)
  __aeabi_memset8                            4  Code  Wk  strasmops_arm.o (strops_unaligned_v7em_fpv4_sp_d16_hard_t_le_eabi_balanced.a)
  __startup_complete                         4  Code  Gb  SEGGER_THUMB_Startup.o
  memset                                     4  Code  Wk  strasmops_arm.o (strops_unaligned_v7em_fpv4_sp_d16_hard_t_le_eabi_balanced.a)
  reset_handler                              2  Code  Gb  STM32L4xx_Startup.o

Read-write data symbols by name:

  Symbol name                   Address        Size  Align  Type  Bd  Object File
  -------------------------  ----------  ----------  -----  ----  --  -----------
  SystemCoreClock            0x100004FC           4      4  Init  Gb  system_stm32l4xx.o
  _SEGGER_RTT                0x10000000         168      4  Zero  Gb  SEGGER_RTT.o (prinops_rtt_v7em_fpv4_sp_d16_hard_t_le_eabi_balanced.a)
  __RAL_global_locale        0x100004DC          20      4  Init  Gb  mbops.o (mbops_timeops_v7em_fpv4_sp_d16_hard_t_le_eabi_balanced.a)
  __SEGGER_RTL_global_locale
                             0x100004DC          20      4  Init  Gb  mbops.o (mbops_timeops_v7em_fpv4_sp_d16_hard_t_le_eabi_balanced.a)
  __SEGGER_RTL_locale_ptr    0x100000C4           4      4  Zero  Gb  mbops.o (mbops_timeops_v7em_fpv4_sp_d16_hard_t_le_eabi_balanced.a)
  __SEGGER_RTL_stderr_file   0x100000C0           4      4  Zero  Lc  prinops_rtt.o (prinops_rtt_v7em_fpv4_sp_d16_hard_t_le_eabi_balanced.a)
  __SEGGER_RTL_stdin_file    0x100000BC           4      4  Zero  Lc  prinops_rtt.o (prinops_rtt_v7em_fpv4_sp_d16_hard_t_le_eabi_balanced.a)
  __SEGGER_RTL_stdout_file   0x100000B8           4      4  Zero  Lc  prinops_rtt.o (prinops_rtt_v7em_fpv4_sp_d16_hard_t_le_eabi_balanced.a)
  _acDownBuffer              0x100004CC          16         Zero  Lc  SEGGER_RTT.o (prinops_rtt_v7em_fpv4_sp_d16_hard_t_le_eabi_balanced.a)
  _acUpBuffer                0x100000CC       1 024         Zero  Lc  SEGGER_RTT.o (prinops_rtt_v7em_fpv4_sp_d16_hard_t_le_eabi_balanced.a)
  direction                  0x100000C8           4      4  Zero  Gb  button_interrupt.o
  pulse                      0x100000B4           4      4  Zero  Gb  button_interrupt.o
  state_a                    0x100000B0           4      4  Zero  Gb  button_interrupt.o
  state_b                    0x100000AC           4      4  Zero  Gb  button_interrupt.o
  stderr                     0x100004F8           4      4  Init  Gb  prinops_rtt.o (prinops_rtt_v7em_fpv4_sp_d16_hard_t_le_eabi_balanced.a)
  stdin                      0x100004F4           4      4  Init  Gb  prinops_rtt.o (prinops_rtt_v7em_fpv4_sp_d16_hard_t_le_eabi_balanced.a)
  stdout                     0x100004F0           4      4  Init  Gb  prinops_rtt.o (prinops_rtt_v7em_fpv4_sp_d16_hard_t_le_eabi_balanced.a)
  velocity                   0x100000A8           4      4  Zero  Gb  button_interrupt.o

Read-write data symbols by address:

     Address  Symbol name                      Size  Align  Type  Bd  Object File
  ----------  -------------------------  ----------  -----  ----  --  -----------
  0x10000000  _SEGGER_RTT                       168      4  Zero  Gb  SEGGER_RTT.o (prinops_rtt_v7em_fpv4_sp_d16_hard_t_le_eabi_balanced.a)
  0x100000A8  velocity                            4      4  Zero  Gb  button_interrupt.o
  0x100000AC  state_b                             4      4  Zero  Gb  button_interrupt.o
  0x100000B0  state_a                             4      4  Zero  Gb  button_interrupt.o
  0x100000B4  pulse                               4      4  Zero  Gb  button_interrupt.o
  0x100000B8  __SEGGER_RTL_stdout_file            4      4  Zero  Lc  prinops_rtt.o (prinops_rtt_v7em_fpv4_sp_d16_hard_t_le_eabi_balanced.a)
  0x100000BC  __SEGGER_RTL_stdin_file             4      4  Zero  Lc  prinops_rtt.o (prinops_rtt_v7em_fpv4_sp_d16_hard_t_le_eabi_balanced.a)
  0x100000C0  __SEGGER_RTL_stderr_file            4      4  Zero  Lc  prinops_rtt.o (prinops_rtt_v7em_fpv4_sp_d16_hard_t_le_eabi_balanced.a)
  0x100000C4  __SEGGER_RTL_locale_ptr             4      4  Zero  Gb  mbops.o (mbops_timeops_v7em_fpv4_sp_d16_hard_t_le_eabi_balanced.a)
  0x100000C8  direction                           4      4  Zero  Gb  button_interrupt.o
  0x100000CC  _acUpBuffer                     1 024         Zero  Lc  SEGGER_RTT.o (prinops_rtt_v7em_fpv4_sp_d16_hard_t_le_eabi_balanced.a)
  0x100004CC  _acDownBuffer                      16         Zero  Lc  SEGGER_RTT.o (prinops_rtt_v7em_fpv4_sp_d16_hard_t_le_eabi_balanced.a)
  0x100004DC  __SEGGER_RTL_global_locale
                                                 20      4  Init  Gb  mbops.o (mbops_timeops_v7em_fpv4_sp_d16_hard_t_le_eabi_balanced.a)
  0x100004DC  __RAL_global_locale                20      4  Init  Gb  mbops.o (mbops_timeops_v7em_fpv4_sp_d16_hard_t_le_eabi_balanced.a)
  0x100004F0  stdout                              4      4  Init  Gb  prinops_rtt.o (prinops_rtt_v7em_fpv4_sp_d16_hard_t_le_eabi_balanced.a)
  0x100004F4  stdin                               4      4  Init  Gb  prinops_rtt.o (prinops_rtt_v7em_fpv4_sp_d16_hard_t_le_eabi_balanced.a)
  0x100004F8  stderr                              4      4  Init  Gb  prinops_rtt.o (prinops_rtt_v7em_fpv4_sp_d16_hard_t_le_eabi_balanced.a)
  0x100004FC  SystemCoreClock                     4      4  Init  Gb  system_stm32l4xx.o

Read-write data symbols by descending size:

  Symbol name                      Size  Align  Type  Bd  Object File
  -------------------------  ----------  -----  ----  --  -----------
  _acUpBuffer                     1 024         Zero  Lc  SEGGER_RTT.o (prinops_rtt_v7em_fpv4_sp_d16_hard_t_le_eabi_balanced.a)
  _SEGGER_RTT                       168      4  Zero  Gb  SEGGER_RTT.o (prinops_rtt_v7em_fpv4_sp_d16_hard_t_le_eabi_balanced.a)
  __RAL_global_locale                20      4  Init  Gb  mbops.o (mbops_timeops_v7em_fpv4_sp_d16_hard_t_le_eabi_balanced.a)
  __SEGGER_RTL_global_locale
                                     20      4  Init  Gb  mbops.o (mbops_timeops_v7em_fpv4_sp_d16_hard_t_le_eabi_balanced.a)
  _acDownBuffer                      16         Zero  Lc  SEGGER_RTT.o (prinops_rtt_v7em_fpv4_sp_d16_hard_t_le_eabi_balanced.a)
  SystemCoreClock                     4      4  Init  Gb  system_stm32l4xx.o
  __SEGGER_RTL_locale_ptr             4      4  Zero  Gb  mbops.o (mbops_timeops_v7em_fpv4_sp_d16_hard_t_le_eabi_balanced.a)
  __SEGGER_RTL_stderr_file            4      4  Zero  Lc  prinops_rtt.o (prinops_rtt_v7em_fpv4_sp_d16_hard_t_le_eabi_balanced.a)
  __SEGGER_RTL_stdin_file             4      4  Zero  Lc  prinops_rtt.o (prinops_rtt_v7em_fpv4_sp_d16_hard_t_le_eabi_balanced.a)
  __SEGGER_RTL_stdout_file            4      4  Zero  Lc  prinops_rtt.o (prinops_rtt_v7em_fpv4_sp_d16_hard_t_le_eabi_balanced.a)
  direction                           4      4  Zero  Gb  button_interrupt.o
  pulse                               4      4  Zero  Gb  button_interrupt.o
  state_a                             4      4  Zero  Gb  button_interrupt.o
  state_b                             4      4  Zero  Gb  button_interrupt.o
  stderr                              4      4  Init  Gb  prinops_rtt.o (prinops_rtt_v7em_fpv4_sp_d16_hard_t_le_eabi_balanced.a)
  stdin                               4      4  Init  Gb  prinops_rtt.o (prinops_rtt_v7em_fpv4_sp_d16_hard_t_le_eabi_balanced.a)
  stdout                              4      4  Init  Gb  prinops_rtt.o (prinops_rtt_v7em_fpv4_sp_d16_hard_t_le_eabi_balanced.a)
  velocity                            4      4  Zero  Gb  button_interrupt.o

Read-only data symbols by name:

  Symbol name                   Address        Size  Align  Type  Bd  Object File
  -------------------------  ----------  ----------  -----  ----  --  -----------
  AHBPrescTable              0x080017F8          16         Cnst  Gb  system_stm32l4xx.o
  MSIRangeTable              0x08000264          48      4  Cnst  Gb  system_stm32l4xx.o
  _DoInit._aInitStr          0x0800176B          17         Cnst  Lc  SEGGER_RTT.o (prinops_rtt_v7em_fpv4_sp_d16_hard_t_le_eabi_balanced.a)
  __SEGGER_RTL_ascii_ctype_map
                             0x08001838         128         Cnst  Lc  mbops.o (mbops_timeops_v7em_fpv4_sp_d16_hard_t_le_eabi_balanced.a)
  __SEGGER_RTL_ascii_ctype_mask
                             0x080017E6          13         Cnst  Lc  mbops.o (mbops_timeops_v7em_fpv4_sp_d16_hard_t_le_eabi_balanced.a)
  __SEGGER_RTL_c_locale      0x08000AEC          12      4  Cnst  Gb  mbops.o (mbops_timeops_v7em_fpv4_sp_d16_hard_t_le_eabi_balanced.a)
  __SEGGER_RTL_c_locale_abbrev_day_names
                             0x08001797          29         Cnst  Gb  mbops.o (mbops_timeops_v7em_fpv4_sp_d16_hard_t_le_eabi_balanced.a)
  __SEGGER_RTL_c_locale_abbrev_month_names
                             0x080017B4          49         Cnst  Gb  mbops.o (mbops_timeops_v7em_fpv4_sp_d16_hard_t_le_eabi_balanced.a)
  __SEGGER_RTL_c_locale_am_pm_indicator
                             0x08001717           7         Cnst  Gb  mbops.o (mbops_timeops_v7em_fpv4_sp_d16_hard_t_le_eabi_balanced.a)
  __SEGGER_RTL_c_locale_data
                             0x08000B18          88      4  Cnst  Gb  mbops.o (mbops_timeops_v7em_fpv4_sp_d16_hard_t_le_eabi_balanced.a)
  __SEGGER_RTL_c_locale_date_format
                             0x08001785           9         Cnst  Gb  mbops.o (mbops_timeops_v7em_fpv4_sp_d16_hard_t_le_eabi_balanced.a)
  __SEGGER_RTL_c_locale_date_time_format
                             0x0800171E          15         Cnst  Gb  mbops.o (mbops_timeops_v7em_fpv4_sp_d16_hard_t_le_eabi_balanced.a)
  __SEGGER_RTL_c_locale_day_names
                             0x0800172D          58         Cnst  Gb  mbops.o (mbops_timeops_v7em_fpv4_sp_d16_hard_t_le_eabi_balanced.a)
  __SEGGER_RTL_c_locale_month_names
                             0x080016C0          87         Cnst  Gb  mbops.o (mbops_timeops_v7em_fpv4_sp_d16_hard_t_le_eabi_balanced.a)
  __SEGGER_RTL_c_locale_time_format
                             0x0800178E           9         Cnst  Gb  mbops.o (mbops_timeops_v7em_fpv4_sp_d16_hard_t_le_eabi_balanced.a)
  __SEGGER_RTL_codeset_ascii
                             0x08000AF8          32      4  Cnst  Gb  mbops.o (mbops_timeops_v7em_fpv4_sp_d16_hard_t_le_eabi_balanced.a)
  __SEGGER_RTL_data_empty_string
                             0x080017E5           1         Cnst  Gb  mbops.o (mbops_timeops_v7em_fpv4_sp_d16_hard_t_le_eabi_balanced.a)
  __SEGGER_RTL_data_utf8_period
                             0x08001769           2         Cnst  Gb  mbops.o (mbops_timeops_v7em_fpv4_sp_d16_hard_t_le_eabi_balanced.a)
  __SEGGER_RTL_hex_lc        0x08001828          16         Cnst  Gb  prinops.o (libc_v7em_fpv4_sp_d16_hard_t_le_eabi_balanced.a)
  __SEGGER_RTL_hex_uc        0x08001818          16         Cnst  Gb  prinops.o (libc_v7em_fpv4_sp_d16_hard_t_le_eabi_balanced.a)
  __SEGGER_init_data__       0x08001900        [36]      4  Cnst  Lc  [ Linker created ]
  __SEGGER_init_table__      0x080018DC        [36]      4  Cnst  Lc  [ Linker created ]

Read-only data symbols by address:

     Address  Symbol name                      Size  Align  Type  Bd  Object File
  ----------  -------------------------  ----------  -----  ----  --  -----------
  0x08000264  MSIRangeTable                      48      4  Cnst  Gb  system_stm32l4xx.o
  0x08000AEC  __SEGGER_RTL_c_locale              12      4  Cnst  Gb  mbops.o (mbops_timeops_v7em_fpv4_sp_d16_hard_t_le_eabi_balanced.a)
  0x08000AF8  __SEGGER_RTL_codeset_ascii
                                                 32      4  Cnst  Gb  mbops.o (mbops_timeops_v7em_fpv4_sp_d16_hard_t_le_eabi_balanced.a)
  0x08000B18  __SEGGER_RTL_c_locale_data
                                                 88      4  Cnst  Gb  mbops.o (mbops_timeops_v7em_fpv4_sp_d16_hard_t_le_eabi_balanced.a)
  0x080016C0  __SEGGER_RTL_c_locale_month_names
                                                 87         Cnst  Gb  mbops.o (mbops_timeops_v7em_fpv4_sp_d16_hard_t_le_eabi_balanced.a)
  0x08001717  __SEGGER_RTL_c_locale_am_pm_indicator
                                                  7         Cnst  Gb  mbops.o (mbops_timeops_v7em_fpv4_sp_d16_hard_t_le_eabi_balanced.a)
  0x0800171E  __SEGGER_RTL_c_locale_date_time_format
                                                 15         Cnst  Gb  mbops.o (mbops_timeops_v7em_fpv4_sp_d16_hard_t_le_eabi_balanced.a)
  0x0800172D  __SEGGER_RTL_c_locale_day_names
                                                 58         Cnst  Gb  mbops.o (mbops_timeops_v7em_fpv4_sp_d16_hard_t_le_eabi_balanced.a)
  0x08001769  __SEGGER_RTL_data_utf8_period
                                                  2         Cnst  Gb  mbops.o (mbops_timeops_v7em_fpv4_sp_d16_hard_t_le_eabi_balanced.a)
  0x0800176B  _DoInit._aInitStr                  17         Cnst  Lc  SEGGER_RTT.o (prinops_rtt_v7em_fpv4_sp_d16_hard_t_le_eabi_balanced.a)
  0x08001785  __SEGGER_RTL_c_locale_date_format
                                                  9         Cnst  Gb  mbops.o (mbops_timeops_v7em_fpv4_sp_d16_hard_t_le_eabi_balanced.a)
  0x0800178E  __SEGGER_RTL_c_locale_time_format
                                                  9         Cnst  Gb  mbops.o (mbops_timeops_v7em_fpv4_sp_d16_hard_t_le_eabi_balanced.a)
  0x08001797  __SEGGER_RTL_c_locale_abbrev_day_names
                                                 29         Cnst  Gb  mbops.o (mbops_timeops_v7em_fpv4_sp_d16_hard_t_le_eabi_balanced.a)
  0x080017B4  __SEGGER_RTL_c_locale_abbrev_month_names
                                                 49         Cnst  Gb  mbops.o (mbops_timeops_v7em_fpv4_sp_d16_hard_t_le_eabi_balanced.a)
  0x080017E5  __SEGGER_RTL_data_empty_string
                                                  1         Cnst  Gb  mbops.o (mbops_timeops_v7em_fpv4_sp_d16_hard_t_le_eabi_balanced.a)
  0x080017E6  __SEGGER_RTL_ascii_ctype_mask
                                                 13         Cnst  Lc  mbops.o (mbops_timeops_v7em_fpv4_sp_d16_hard_t_le_eabi_balanced.a)
  0x080017F8  AHBPrescTable                      16         Cnst  Gb  system_stm32l4xx.o
  0x08001818  __SEGGER_RTL_hex_uc                16         Cnst  Gb  prinops.o (libc_v7em_fpv4_sp_d16_hard_t_le_eabi_balanced.a)
  0x08001828  __SEGGER_RTL_hex_lc                16         Cnst  Gb  prinops.o (libc_v7em_fpv4_sp_d16_hard_t_le_eabi_balanced.a)
  0x08001838  __SEGGER_RTL_ascii_ctype_map
                                                128         Cnst  Lc  mbops.o (mbops_timeops_v7em_fpv4_sp_d16_hard_t_le_eabi_balanced.a)
  0x080018DC  __SEGGER_init_table__            [36]      4  Cnst  Lc  [ Linker created ]
  0x08001900  __SEGGER_init_data__             [36]      4  Cnst  Lc  [ Linker created ]

Untyped symbols by name:

  Symbol name                     Value        Size  Align  Type  Bd  Object File
  -------------------------  ----------  ----------  -----  ----  --  -----------
  __FLASH1_segment_end__     0x08040000                     ----  Gb  [ Linker created ]
  __FLASH1_segment_size__    0x00040000                     ----  Gb  [ Linker created ]
  __FLASH1_segment_start__   0x08000000                     ----  Gb  [ Linker created ]
  __FLASH1_segment_used_end__
                             0x0800194A                     ----  Gb  [ Linker created ]
  __FLASH1_segment_used_size__
                             0x0000194A                     ----  Gb  [ Linker created ]
  __FLASH1_segment_used_start__
                             0x08000000                     ----  Gb  [ Linker created ]
  __FLASH_segment_end__      0x08040000                     ----  Gb  [ Linker created ]
  __FLASH_segment_size__     0x00040000                     ----  Gb  [ Linker created ]
  __FLASH_segment_start__    0x08000000                     ----  Gb  [ Linker created ]
  __FLASH_segment_used_end__
                             0x0800194A                     ----  Gb  [ Linker created ]
  __FLASH_segment_used_size__
                             0x0000194A                     ----  Gb  [ Linker created ]
  __FLASH_segment_used_start__
                             0x08000000                     ----  Gb  [ Linker created ]
  __HEAPSIZE__               0x00000400                     ----  Gb  [ Linker created ]
  __RAM1_segment_end__       0x10004000                     ----  Gb  [ Linker created ]
  __RAM1_segment_size__      0x00004000                     ----  Gb  [ Linker created ]
  __RAM1_segment_start__     0x10000000                     ----  Gb  [ Linker created ]
  __RAM1_segment_used_end__  0x10000500                     ----  Gb  [ Linker created ]
  __RAM1_segment_used_size__
                             0x00000500                     ----  Gb  [ Linker created ]
  __RAM1_segment_used_start__
                             0x10000000                     ----  Gb  [ Linker created ]
  __RAM2_segment_end__       0x2000C000                     ----  Gb  [ Linker created ]
  __RAM2_segment_size__      0x0000C000                     ----  Gb  [ Linker created ]
  __RAM2_segment_start__     0x20000000                     ----  Gb  [ Linker created ]
  __RAM2_segment_used_end__  0x2000C000                     ----  Gb  [ Linker created ]
  __RAM2_segment_used_size__
                             0x00000800                     ----  Gb  [ Linker created ]
  __RAM2_segment_used_start__
                             0x2000B800                     ----  Gb  [ Linker created ]
  __RAM_segment_end__        0x2000C000                     ----  Gb  [ Linker created ]
  __RAM_segment_size__       0x1000C000                     ----  Gb  [ Linker created ]
  __RAM_segment_start__      0x10000000                     ----  Gb  [ Linker created ]
  __RAM_segment_used_end__   0x2000C000                     ----  Gb  [ Linker created ]
  __RAM_segment_used_size__  0x1000C000                     ----  Gb  [ Linker created ]
  __RAM_segment_used_start__
                             0x10000000                     ----  Gb  [ Linker created ]
  __STACKSIZE_PROCESS__      0x00000000                     ----  Gb  [ Linker created ]
  __STACKSIZE__              0x00000800                     ----  Gb  [ Linker created ]
  __ctors_end__              0x080017F8                     ----  Gb  [ Linker created ]
  __ctors_start__            0x080017F4                     ----  Gb  [ Linker created ]
  __stack_end__              0x2000C000                     ----  Gb  [ Linker created ]
  __thread_pointer$          0x00000000                     ----  Gb  [ Linker created ]
  _vectors                   0x08000000       [396]    512  Code  Gb  stm32l432xx_Vectors.o
  _vectors_end               0x0800018C                512  Code  Lc  stm32l432xx_Vectors.o

Untyped symbols by address:

       Value  Symbol name                      Size  Align  Type  Bd  Object File
  ----------  -------------------------  ----------  -----  ----  --  -----------
  0x00000000  __thread_pointer$                             ----  Gb  [ Linker created ]
  0x00000000  __STACKSIZE_PROCESS__                         ----  Gb  [ Linker created ]
  0x00000400  __HEAPSIZE__                                  ----  Gb  [ Linker created ]
  0x00000500  __RAM1_segment_used_size__
                                                            ----  Gb  [ Linker created ]
  0x00000800  __STACKSIZE__                                 ----  Gb  [ Linker created ]
  0x00000800  __RAM2_segment_used_size__
                                                            ----  Gb  [ Linker created ]
  0x0000194A  __FLASH_segment_used_size__
                                                            ----  Gb  [ Linker created ]
  0x0000194A  __FLASH1_segment_used_size__
                                                            ----  Gb  [ Linker created ]
  0x00004000  __RAM1_segment_size__                         ----  Gb  [ Linker created ]
  0x0000C000  __RAM2_segment_size__                         ----  Gb  [ Linker created ]
  0x00040000  __FLASH_segment_size__                        ----  Gb  [ Linker created ]
  0x00040000  __FLASH1_segment_size__                       ----  Gb  [ Linker created ]
  0x08000000  _vectors                        [396]    512  Code  Gb  stm32l432xx_Vectors.o
  0x08000000  __FLASH_segment_used_start__
                                                            ----  Gb  [ Linker created ]
  0x08000000  __FLASH_segment_start__                       ----  Gb  [ Linker created ]
  0x08000000  __FLASH1_segment_used_start__
                                                            ----  Gb  [ Linker created ]
  0x08000000  __FLASH1_segment_start__                      ----  Gb  [ Linker created ]
  0x0800018C  _vectors_end                             512  Code  Lc  stm32l432xx_Vectors.o
  0x080017F4  __ctors_start__                               ----  Gb  [ Linker created ]
  0x080017F8  __ctors_end__                                 ----  Gb  [ Linker created ]
  0x0800194A  __FLASH_segment_used_end__
                                                            ----  Gb  [ Linker created ]
  0x0800194A  __FLASH1_segment_used_end__
                                                            ----  Gb  [ Linker created ]
  0x08040000  __FLASH_segment_end__                         ----  Gb  [ Linker created ]
  0x08040000  __FLASH1_segment_end__                        ----  Gb  [ Linker created ]
  0x10000000  __RAM_segment_used_start__
                                                            ----  Gb  [ Linker created ]
  0x10000000  __RAM_segment_start__                         ----  Gb  [ Linker created ]
  0x10000000  __RAM1_segment_used_start__
                                                            ----  Gb  [ Linker created ]
  0x10000000  __RAM1_segment_start__                        ----  Gb  [ Linker created ]
  0x10000500  __RAM1_segment_used_end__                     ----  Gb  [ Linker created ]
  0x10004000  __RAM1_segment_end__                          ----  Gb  [ Linker created ]
  0x1000C000  __RAM_segment_used_size__                     ----  Gb  [ Linker created ]
  0x1000C000  __RAM_segment_size__                          ----  Gb  [ Linker created ]
  0x20000000  __RAM2_segment_start__                        ----  Gb  [ Linker created ]
  0x2000B800  __RAM2_segment_used_start__
                                                            ----  Gb  [ Linker created ]
  0x2000C000  __stack_end__                                 ----  Gb  [ Linker created ]
  0x2000C000  __RAM_segment_used_end__                      ----  Gb  [ Linker created ]
  0x2000C000  __RAM_segment_end__                           ----  Gb  [ Linker created ]
  0x2000C000  __RAM2_segment_used_end__                     ----  Gb  [ Linker created ]
  0x2000C000  __RAM2_segment_end__                          ----  Gb  [ Linker created ]


***********************************************************************************************
***                                                                                         ***
***                                     LINK SUMMARY                                      ***
***                                                                                         ***
***********************************************************************************************

Memory breakdown:

    5 688 bytes read-only  code    + 
      781 bytes read-only  data    =   6 469 bytes read-only (total)
    3 328 bytes read-write data

Region summary:

  Name        Range                     Size                 Used               Unused       Alignment Loss
  ----------  -----------------  -----------  -------------------  -------------------  -------------------
  FLASH       08000000-0803FFFF      262 144        6 473   2.47%      255 671  97.53%            0   0.00%
  RAM1        10000000-10003FFF       16 384        1 280   7.81%       15 104  92.19%            0   0.00%
  RAM2        20000000-2000BFFF       49 152        2 048   4.17%       47 104  95.83%            0   0.00%

Link complete: 0 error.
